Archive member included because of file (symbol)

C:\Program Files (x86)\VEX Robotics\VEXcode Pro V5\sdk/vexv5\libv5rt.a(v5_startup.c.obj)
                              (vexStartup)
C:\Program Files (x86)\VEX Robotics\VEXcode Pro V5\sdk/vexv5\libv5rt.a(v5_util.c.obj)
                              C:\Program Files (x86)\VEX Robotics\VEXcode Pro V5\sdk/vexv5\libv5rt.a(v5_startup.c.obj) (vexStdlibVersionLinked)
C:\Program Files (x86)\VEX Robotics\VEXcode Pro V5\sdk/vexv5\libv5rt.a(v5_apijump.c.obj)
                              C:\Program Files (x86)\VEX Robotics\VEXcode Pro V5\sdk/vexv5\libv5rt.a(v5_startup.c.obj) (vexPrivateApiEnable)
C:\Program Files (x86)\VEX Robotics\VEXcode Pro V5\sdk/vexv5\libv5rt.a(v5_apiversions.c.obj)
                              C:\Program Files (x86)\VEX Robotics\VEXcode Pro V5\sdk/vexv5\libv5rt.a(v5_apijump.c.obj) (vexSystemVersion)
C:\Program Files (x86)\VEX Robotics\VEXcode Pro V5\sdk/vexv5\libv5rt.a(vex_global.cpp.obj)
                              build/src/main.o (vex::wait(double, vex::timeUnits))
C:\Program Files (x86)\VEX Robotics\VEXcode Pro V5\sdk/vexv5\libv5rt.a(vex_controller.cpp.obj)
                              build/src/main.o (vex::controller::~controller())
C:\Program Files (x86)\VEX Robotics\VEXcode Pro V5\sdk/vexv5\libv5rt.a(vex_thread.cpp.obj)
                              C:\Program Files (x86)\VEX Robotics\VEXcode Pro V5\sdk/vexv5\libv5rt.a(vex_global.cpp.obj) (vex::this_thread::sleep_for(unsigned long))
C:\Program Files (x86)\VEX Robotics\VEXcode Pro V5\sdk/vexv5\libv5rt.a(vex_event.cpp.obj)
                              C:\Program Files (x86)\VEX Robotics\VEXcode Pro V5\sdk/vexv5\libv5rt.a(vex_controller.cpp.obj) (vex::event::init(unsigned long, unsigned long, void (*)()))
C:\Program Files (x86)\VEX Robotics\VEXcode Pro V5\sdk/vexv5\libv5rt.a(vex_mevent.cpp.obj)
                              C:\Program Files (x86)\VEX Robotics\VEXcode Pro V5\sdk/vexv5\libv5rt.a(vex_controller.cpp.obj) (vex::mevent::mevent(unsigned long, unsigned long))
C:\Program Files (x86)\VEX Robotics\VEXcode Pro V5\sdk/vexv5\libv5rt.a(vex_brain.cpp.obj)
                              build/src/main.o (vex::brain::lcd::setFont(vex::fontType))
C:\Program Files (x86)\VEX Robotics\VEXcode Pro V5\sdk/vexv5\libv5rt.a(vex_triport.cpp.obj)
                              C:\Program Files (x86)\VEX Robotics\VEXcode Pro V5\sdk/vexv5\libv5rt.a(vex_brain.cpp.obj) (vex::triport::~triport())
C:\Program Files (x86)\VEX Robotics\VEXcode Pro V5\sdk/vexv5\libv5rt.a(vex_color.cpp.obj)
                              build/src/main.o (vex::color::~color())
C:\Program Files (x86)\VEX Robotics\VEXcode Pro V5\sdk/vexv5\libv5rt.a(vex_timer.cpp.obj)
                              C:\Program Files (x86)\VEX Robotics\VEXcode Pro V5\sdk/vexv5\libv5rt.a(vex_brain.cpp.obj) (vex::timer::~timer())
C:\Program Files (x86)\VEX Robotics\VEXcode Pro V5\sdk/vexv5\libv5rt.a(v5_apiuser.c.obj)
                              C:\Program Files (x86)\VEX Robotics\VEXcode Pro V5\sdk/vexv5\libv5rt.a(vex_triport.cpp.obj) (vexAdiPortConfigSet)
C:\Program Files (x86)\VEX Robotics\VEXcode Pro V5\sdk/vexv5\libv5rt.a(vex_device.cpp.obj)
                              C:\Program Files (x86)\VEX Robotics\VEXcode Pro V5\sdk/vexv5\libv5rt.a(vex_triport.cpp.obj) (vex::device::~device())
C:\Program Files (x86)\VEX Robotics\VEXcode Pro V5\sdk/vexv5/gcc/libs\libstdc++.a(fstream-inst.o)
                              build/src/main.o (VTT for std::basic_ofstream<char, std::char_traits<char> >)
C:\Program Files (x86)\VEX Robotics\VEXcode Pro V5\sdk/vexv5/gcc/libs\libstdc++.a(eh_exception.o)
                              C:\Program Files (x86)\VEX Robotics\VEXcode Pro V5\sdk/vexv5/gcc/libs\libstdc++.a(fstream-inst.o) (typeinfo for __cxxabiv1::__forced_unwind)
C:\Program Files (x86)\VEX Robotics\VEXcode Pro V5\sdk/vexv5/gcc/libs\libstdc++.a(si_class_type_info.o)
                              C:\Program Files (x86)\VEX Robotics\VEXcode Pro V5\sdk/vexv5/gcc/libs\libstdc++.a(fstream-inst.o) (vtable for __cxxabiv1::__si_class_type_info)
C:\Program Files (x86)\VEX Robotics\VEXcode Pro V5\sdk/vexv5/gcc/libs\libstdc++.a(ios-inst.o)
                              C:\Program Files (x86)\VEX Robotics\VEXcode Pro V5\sdk/vexv5/gcc/libs\libstdc++.a(fstream-inst.o) (vtable for std::basic_ios<char, std::char_traits<char> >)
C:\Program Files (x86)\VEX Robotics\VEXcode Pro V5\sdk/vexv5/gcc/libs\libstdc++.a(ios.o)
                              C:\Program Files (x86)\VEX Robotics\VEXcode Pro V5\sdk/vexv5/gcc/libs\libstdc++.a(ios-inst.o) (typeinfo for std::ios_base)
C:\Program Files (x86)\VEX Robotics\VEXcode Pro V5\sdk/vexv5/gcc/libs\libstdc++.a(iostream-inst.o)
                              C:\Program Files (x86)\VEX Robotics\VEXcode Pro V5\sdk/vexv5/gcc/libs\libstdc++.a(fstream-inst.o) (typeinfo for std::iostream)
C:\Program Files (x86)\VEX Robotics\VEXcode Pro V5\sdk/vexv5/gcc/libs\libstdc++.a(istream-inst.o)
[...]
Memory Configuration

Name             Origin             Length             Attributes
ps7_ddr_0_S_AXI_BASEADDR 0x03800000         0x04800000
*default*        0x00000000         0xffffffff

Linker script and memory map

                0x00002000                _STACK_SIZE = DEFINED (_STACK_SIZE)?_STACK_SIZE:0x2000
                0x00100000                _HEAP_SIZE = DEFINED (_HEAP_SIZE)?_HEAP_SIZE:0x100000
                0x00000400                _ABORT_STACK_SIZE = DEFINED (_ABORT_STACK_SIZE)?_ABORT_STACK_SIZE:0x400
                0x00000800                _SUPERVISOR_STACK_SIZE = DEFINED (_SUPERVISOR_STACK_SIZE)?_SUPERVISOR_STACK_SIZE:0x800
                0x00000400                _IRQ_STACK_SIZE = DEFINED (_IRQ_STACK_SIZE)?_IRQ_STACK_SIZE:0x400
                0x00000400                _FIQ_STACK_SIZE = DEFINED (_FIQ_STACK_SIZE)?_FIQ_STACK_SIZE:0x400
                0x00000400                _UNDEF_STACK_SIZE = DEFINED (_UNDEF_STACK_SIZE)?_UNDEF_STACK_SIZE:0x400

.text           0x03800000     0x3c68
 *(.vectors)
 *(.boot_data)
 .boot_data     0x03800000       0x20 C:\Program Files (x86)\VEX Robotics\VEXcode Pro V5\sdk/vexv5\libv5rt.a(v5_startup.c.obj)
                0x03800000                vexCodeSig
                0x00000020                . = 0x20
 *(.boot)
 .boot          0x03800020       0xbc C:\Program Files (x86)\VEX Robotics\VEXcode Pro V5\sdk/vexv5\libv5rt.a(v5_startup.c.obj)
                0x03800020                vexStartup
                0x03800100                . = ALIGN (0x40)
 *fill*         0x038000dc       0x24 
 *(.freertos_vectors)
 *(.text)
 *(.text.*)
 .text._ZNSt6vectorI11MultiButtonSaIS0_EED2Ev
                0x03800100       0x58 build/src/main.o
                0x03800100                std::vector<MultiButton, std::allocator<MultiButton> >::~vector()
 .text._ZNSt6vectorI11MultiButtonSaIS0_EEC2ERKS2_
                0x03800158       0x60 build/src/main.o
                0x03800158                std::vector<MultiButton, std::allocator<MultiButton> >::vector(std::vector<MultiButton, std::allocator<MultiButton> > const&)
 .text._ZN4MenuC2EiSt6vectorI6ButtonSaIS1_EES0_I6ToggleSaIS4_EES0_I11MultiButtonSaIS7_EEi
                0x038001b8       0x4c build/src/main.o
                0x038001b8                Menu::Menu(int, std::vector<Button, std::allocator<Button> >, std::vector<Toggle, std::allocator<Toggle> >, std::vector<MultiButton, std::allocator<MultiButton> >, int)
 .text._ZNSt6vectorI6ToggleSaIS0_EED2Ev
                0x03800204       0x48 build/src/main.o
                0x03800204                std::vector<Toggle, std::allocator<Toggle> >::~vector()
 .text._ZNSt6vectorI6ButtonSaIS0_EED2Ev
                0x0380024c       0x58 build/src/main.o
                0x0380024c                std::vector<Button, std::allocator<Button> >::~vector()
 .text._ZN4MenuD2Ev
                0x038002a4       0x2c build/src/main.o
                0x038002a4                Menu::~Menu()
 .text._Z8drawMenuR4Menu
                0x038002d0      0x52c build/src/main.o
                0x038002d0                drawMenu(Menu&)
 .text._Z7useMenuR4Menu
                0x038007fc       0xe4 build/src/main.o
                0x038007fc                useMenu(Menu&)
 .text._ZN4Menu19setCurrentSelectionEi
                0x038008e0       0x60 build/src/main.o
                0x038008e0                Menu::setCurrentSelection(int)
 .text._Z9saveFilesv
                0x03800940      0x270 build/src/main.o
                0x03800940                saveFiles()
 .text.main     0x03800bb0      0x2d0 build/src/main.o
                0x03800bb0                main
 .text._ZNSt6vectorIN3vex5colorESaIS1_EED2Ev
                0x03800e80       0x44 build/src/main.o
                0x03800e80                std::vector<vex::color, std::allocator<vex::color> >::~vector()
 .text._ZNSt6vectorISsSaISsEED2Ev
                0x03800ec4       0x44 build/src/main.o
                0x03800ec4                std::vector<std::string, std::allocator<std::string> >::~vector()
 .text._ZNSt6vectorI6ButtonSaIS0_EEC2ERKS2_
                0x03800f08       0xd8 build/src/main.o
                0x03800f08                std::vector<Button, std::allocator<Button> >::vector(std::vector<Button, std::allocator<Button> > const&)
 .text._ZNSt6vectorI6ToggleSaIS0_EEC2ERKS2_
                0x03800fe0       0x90 build/src/main.o
                0x03800fe0                std::vector<Toggle, std::allocator<Toggle> >::vector(std::vector<Toggle, std::allocator<Toggle> > const&)
 .text._ZNSt12_Vector_baseI6ButtonSaIS0_EE11_M_allocateEj
                0x03801070       0x3c build/src/main.o
                0x03801070                std::_Vector_base<Button, std::allocator<Button> >::_M_allocate(unsigned int)
 .text._ZNSt12_Vector_baseI6ToggleSaIS0_EE11_M_allocateEj
                0x038010ac       0x3c build/src/main.o
                0x038010ac                std::_Vector_base<Toggle, std::allocator<Toggle> >::_M_allocate(unsigned int)
 .text._ZNSt12_Vector_baseI11MultiButtonSaIS0_EE11_M_allocateEj
                0x038010e8       0x30 build/src/main.o
                0x038010e8                std::_Vector_base<MultiButton, std::allocator<MultiButton> >::_M_allocate(unsigned int)
 .text._ZNSt20__uninitialized_copyILb0EE13__uninit_copyIN9__gnu_cxx17__normal_iteratorIPK11MultiButtonSt6vectorIS4_SaIS4_EEEEPS4_EET0_T_SD_SC_
                0x03801118       0x90 build/src/main.o
                0x03801118                MultiButton* std::__uninitialized_copy<false>::__uninit_copy<__gnu_cxx::__normal_iterator<MultiButton const*, std::vector<MultiButton, std::allocator<MultiButton> > >, MultiButton*>(__gnu_cxx::__normal_iterator<MultiButton const*, std::vector<MultiButton, std::allocator<MultiButton> > >, __gnu_cxx::__normal_iterator<MultiButton const*, std::vector<MultiButton, std::allocator<MultiButton> > >, MultiButton*)
 .text._ZNSt6vectorISsSaISsEEC2ERKS1_
                0x038011a8       0x74 build/src/main.o
                0x038011a8                std::vector<std::string, std::allocator<std::string> >::vector(std::vector<std::string, std::allocator<std::string> > const&)
 .text._ZNSt6vectorIN3vex5colorESaIS1_EEC2ERKS3_
                0x0380121c       0x6c build/src/main.o
                0x0380121c                std::vector<vex::color, std::allocator<vex::color> >::vector(std::vector<vex::color, std::allocator<vex::color> > const&)
 .text._ZNSt12_Vector_baseISsSaISsEE11_M_allocateEj
                0x03801288       0x30 build/src/main.o
                0x03801288                std::_Vector_base<std::string, std::allocator<std::string> >::_M_allocate(unsigned int)
 .text._ZNSt12_Vector_baseIN3vex5colorESaIS1_EE11_M_allocateEj
                0x038012b8       0x30 build/src/main.o
                0x038012b8                std::_Vector_base<vex::color, std::allocator<vex::color> >::_M_allocate(unsigned int)
 .text._ZNSt6vectorISsSaISsEE19_M_range_initializeIPKSsEEvT_S5_St20forward_iterator_tag
                0x038012e8       0x54 build/src/main.o
                0x038012e8                void std::vector<std::string, std::allocator<std::string> >::_M_range_initialize<std::string const*>(std::string const*, std::string const*, std::forward_iterator_tag)
 .text._ZNSt6vectorI11MultiButtonSaIS0_EE19_M_range_initializeIPKS0_EEvT_S6_St20forward_iterator_tag
                0x0380133c       0xc8 build/src/main.o
                0x0380133c                void std::vector<MultiButton, std::allocator<MultiButton> >::_M_range_initialize<MultiButton const*>(MultiButton const*, MultiButton const*, std::forward_iterator_tag)
 *fill*         0x03801404        0x4 
 .text._GLOBAL__sub_I_main.cpp
                0x03801408      0xa20 build/src/main.o
 .text.vexMain  0x03801e28       0xb0 C:\Program Files (x86)\VEX Robotics\VEXcode Pro V5\sdk/vexv5\libv5rt.a(v5_startup.c.obj)
                0x03801e28                vexMain
 .text.__vex_function_prolog
                0x03801ed8       0x18 C:\Program Files (x86)\VEX Robotics\VEXcode Pro V5\sdk/vexv5\libv5rt.a(v5_startup.c.obj)
                0x03801ed8                __vex_function_prolog
 .text._init    0x03801ef0        0x4 C:\Program Files (x86)\VEX Robotics\VEXcode Pro V5\sdk/vexv5\libv5rt.a(v5_startup.c.obj)
                0x03801ef0                _init
 .text._fini    0x03801ef4        0x4 C:\Program Files (x86)\VEX Robotics\VEXcode Pro V5\sdk/vexv5\libv5rt.a(v5_startup.c.obj)
                0x03801ef4                _fini
 .text.vexStdlibVersionLinked
                0x03801ef8        0xc C:\Program Files (x86)\VEX Robotics\VEXcode Pro V5\sdk/vexv5\libv5rt.a(v5_util.c.obj)
                0x03801ef8                vexStdlibVersionLinked
 .text.vexStdlibVersionVerify
                0x03801f04       0x30 C:\Program Files (x86)\VEX Robotics\VEXcode Pro V5\sdk/vexv5\libv5rt.a(v5_util.c.obj)
                0x03801f04                vexStdlibVersionVerify
 .text.vexPrivateApiEnable
                0x03801f34       0x10 C:\Program Files (x86)\VEX Robotics\VEXcode Pro V5\sdk/vexv5\libv5rt.a(v5_apijump.c.obj)
                0x03801f34                vexPrivateApiEnable
 .text.vexStdlibMismatchError
                0x03801f44       0x3c C:\Program Files (x86)\VEX Robotics\VEXcode Pro V5\sdk/vexv5\libv5rt.a(v5_apijump.c.obj)
                0x03801f44                vexStdlibMismatchError
 .text.vexTaskAdd
                0x03801f80       0x10 C:\Program Files (x86)\VEX Robotics\VEXcode Pro V5\sdk/vexv5\libv5rt.a(v5_apijump.c.obj)
                0x03801f80                vexTaskAdd
 .text.vexTasksRun
                0x03801f90       0x10 C:\Program Files (x86)\VEX Robotics\VEXcode Pro V5\sdk/vexv5\libv5rt.a(v5_apijump.c.obj)
                0x03801f90                vexTasksRun
 .text.vexTaskCheckTimeslice
                0x03801fa0       0x10 C:\Program Files (x86)\VEX Robotics\VEXcode Pro V5\sdk/vexv5\libv5rt.a(v5_apijump.c.obj)
                0x03801fa0                vexTaskCheckTimeslice
 .text.vexTaskSleep
                0x03801fb0       0x10 C:\Program Files (x86)\VEX Robotics\VEXcode Pro V5\sdk/vexv5\libv5rt.a(v5_apijump.c.obj)
                0x03801fb0                vexTaskSleep
 .text.vexTasksDump
                0x03801fc0       0x1c C:\Program Files (x86)\VEX Robotics\VEXcode Pro V5\sdk/vexv5\libv5rt.a(v5_apijump.c.obj)
                0x03801fc0                vexTasksDump
 .text.vexTaskGetTaskIndex
                0x03801fdc       0x10 C:\Program Files (x86)\VEX Robotics\VEXcode Pro V5\sdk/vexv5\libv5rt.a(v5_apijump.c.obj)
                0x03801fdc                vexTaskGetTaskIndex
 .text.vexTaskStopAll
                0x03801fec       0x10 C:\Program Files (x86)\VEX Robotics\VEXcode Pro V5\sdk/vexv5\libv5rt.a(v5_apijump.c.obj)
                0x03801fec                vexTaskStopAll
 .text.vexTaskCompletionIdSet
                0x03801ffc       0x10 C:\Program Files (x86)\VEX Robotics\VEXcode Pro V5\sdk/vexv5\libv5rt.a(v5_apijump.c.obj)
                0x03801ffc                vexTaskCompletionIdSet
 .text.vexEventAdd
                0x0380200c       0x34 C:\Program Files (x86)\VEX Robotics\VEXcode Pro V5\sdk/vexv5\libv5rt.a(v5_apijump.c.obj)
                0x0380200c                vexEventAdd
 .text.vexEventUserIndexGet
                0x03802040       0x1c C:\Program Files (x86)\VEX Robotics\VEXcode Pro V5\sdk/vexv5\libv5rt.a(v5_apijump.c.obj)
                0x03802040                vexEventUserIndexGet
 .text.vexDebug
                0x0380205c       0x38 C:\Program Files (x86)\VEX Robotics\VEXcode Pro V5\sdk/vexv5\libv5rt.a(v5_apijump.c.obj)
                0x0380205c                vexDebug
 .text.vexSystemTimeGet
                0x03802094       0x1c C:\Program Files (x86)\VEX Robotics\VEXcode Pro V5\sdk/vexv5\libv5rt.a(v5_apijump.c.obj)
                0x03802094                vexSystemTimeGet
 .text.vexSystemExitRequest
                0x038020b0       0x1c C:\Program Files (x86)\VEX Robotics\VEXcode Pro V5\sdk/vexv5\libv5rt.a(v5_apijump.c.obj)
                0x038020b0                vexSystemExitRequest
 .text.vexDeviceGetByIndex
                0x038020cc       0x24 C:\Program Files (x86)\VEX Robotics\VEXcode Pro V5\sdk/vexv5\libv5rt.a(v5_apijump.c.obj)
                0x038020cc                vexDeviceGetByIndex
 .text.vexControllerGet
                0x038020f0       0x2c C:\Program Files (x86)\VEX Robotics\VEXcode Pro V5\sdk/vexv5\libv5rt.a(v5_apijump.c.obj)
                0x038020f0                vexControllerGet
 .text.vexControllerTextSet
                0x0380211c       0x74 C:\Program Files (x86)\VEX Robotics\VEXcode Pro V5\sdk/vexv5\libv5rt.a(v5_apijump.c.obj)
                0x0380211c                vexControllerTextSet
 .text.vexDisplayForegroundColor
                0x03802190       0x24 C:\Program Files (x86)\VEX Robotics\VEXcode Pro V5\sdk/vexv5\libv5rt.a(v5_apijump.c.obj)
                0x03802190                vexDisplayForegroundColor
 .text.vexDisplayBackgroundColor
                0x038021b4       0x24 C:\Program Files (x86)\VEX Robotics\VEXcode Pro V5\sdk/vexv5\libv5rt.a(v5_apijump.c.obj)
                0x038021b4                vexDisplayBackgroundColor
 .text.vexDisplayBackgroundColorGet
                0x038021d8       0x1c C:\Program Files (x86)\VEX Robotics\VEXcode Pro V5\sdk/vexv5\libv5rt.a(v5_apijump.c.obj)
                0x038021d8                vexDisplayBackgroundColorGet
 .text.vexDisplayRectDraw
                0x038021f4       0x4c C:\Program Files (x86)\VEX Robotics\VEXcode Pro V5\sdk/vexv5\libv5rt.a(v5_apijump.c.obj)
                0x038021f4                vexDisplayRectDraw
 .text.vexDisplayRectClear
                0x03802240       0x4c C:\Program Files (x86)\VEX Robotics\VEXcode Pro V5\sdk/vexv5\libv5rt.a(v5_apijump.c.obj)
                0x03802240                vexDisplayRectClear
 .text.vexDisplayVPrintf
                0x0380228c       0x50 C:\Program Files (x86)\VEX Robotics\VEXcode Pro V5\sdk/vexv5\libv5rt.a(v5_apijump.c.obj)
                0x0380228c                vexDisplayVPrintf
 .text.vexDisplayTextReference
                0x038022dc       0x24 C:\Program Files (x86)\VEX Robotics\VEXcode Pro V5\sdk/vexv5\libv5rt.a(v5_apijump.c.obj)
                0x038022dc                vexDisplayTextReference
 .text.vexDisplayTextSize
                0x03802300       0x2c C:\Program Files (x86)\VEX Robotics\VEXcode Pro V5\sdk/vexv5\libv5rt.a(v5_apijump.c.obj)
                0x03802300                vexDisplayTextSize
 .text.vexDisplayFontNamedSet
                0x0380232c       0x24 C:\Program Files (x86)\VEX Robotics\VEXcode Pro V5\sdk/vexv5\libv5rt.a(v5_apijump.c.obj)
                0x0380232c                vexDisplayFontNamedSet
 .text.vexDisplayPenSizeGet
                0x03802350       0x1c C:\Program Files (x86)\VEX Robotics\VEXcode Pro V5\sdk/vexv5\libv5rt.a(v5_apijump.c.obj)
                0x03802350                vexDisplayPenSizeGet
 .text.vexFileDriveStatus
                0x0380236c       0x24 C:\Program Files (x86)\VEX Robotics\VEXcode Pro V5\sdk/vexv5\libv5rt.a(v5_apijump.c.obj)
                0x0380236c                vexFileDriveStatus
 .text.vexSystemStdlibImpureDataAddr
                0x03802390       0x28 C:\Program Files (x86)\VEX Robotics\VEXcode Pro V5\sdk/vexv5\libv5rt.a(v5_apijump.c.obj)
                0x03802390                vexSystemStdlibImpureDataAddr
 .text.vexSystemStdlibImpureDataSize
                0x038023b8       0x28 C:\Program Files (x86)\VEX Robotics\VEXcode Pro V5\sdk/vexv5\libv5rt.a(v5_apijump.c.obj)
                0x038023b8                vexSystemStdlibImpureDataSize
 .text.vexSystemSaveUserData
                0x038023e0       0x3c C:\Program Files (x86)\VEX Robotics\VEXcode Pro V5\sdk/vexv5\libv5rt.a(v5_apijump.c.obj)
                0x038023e0                vexSystemSaveUserData
 .text.vexDisplayThemeIdGet
                0x0380241c       0x38 C:\Program Files (x86)\VEX Robotics\VEXcode Pro V5\sdk/vexv5\libv5rt.a(v5_apijump.c.obj)
                0x0380241c                vexDisplayThemeIdGet
 .text.vexDisplayRender
                0x03802454       0x2c C:\Program Files (x86)\VEX Robotics\VEXcode Pro V5\sdk/vexv5\libv5rt.a(v5_apijump.c.obj)
                0x03802454                vexDisplayRender
 .text.vexDeviceEventMaskSet
                0x03802480       0x48 C:\Program Files (x86)\VEX Robotics\VEXcode Pro V5\sdk/vexv5\libv5rt.a(v5_apijump.c.obj)
                0x03802480                vexDeviceEventMaskSet
 .text.vexDeviceEventMaskGet
                0x038024c8       0x3c C:\Program Files (x86)\VEX Robotics\VEXcode Pro V5\sdk/vexv5\libv5rt.a(v5_apijump.c.obj)
                0x038024c8                vexDeviceEventMaskGet
 .text.vexSystemVersion
                0x03802504       0x10 C:\Program Files (x86)\VEX Robotics\VEXcode Pro V5\sdk/vexv5\libv5rt.a(v5_apiversions.c.obj)
                0x03802504                vexSystemVersion
 .text.vexStdlibVersion
                0x03802514       0x10 C:\Program Files (x86)\VEX Robotics\VEXcode Pro V5\sdk/vexv5\libv5rt.a(v5_apiversions.c.obj)
                0x03802514                vexStdlibVersion
 *fill*         0x03802524        0x4 
 .text._ZN3vex4waitEdNS_9timeUnitsE
                0x03802528       0x30 C:\Program Files (x86)\VEX Robotics\VEXcode Pro V5\sdk/vexv5\libv5rt.a(vex_global.cpp.obj)
                0x03802528                vex::wait(double, vex::timeUnits)
 .text._ZN3vex10controllerD2Ev
                0x03802558        0x4 C:\Program Files (x86)\VEX Robotics\VEXcode Pro V5\sdk/vexv5\libv5rt.a(vex_controller.cpp.obj)
                0x03802558                vex::controller::~controller()
                0x03802558                vex::controller::~controller()
 .text._ZN3vex10controller5valueE19_V5_ControllerIndex
                0x0380255c        0x8 C:\Program Files (x86)\VEX Robotics\VEXcode Pro V5\sdk/vexv5\libv5rt.a(vex_controller.cpp.obj)
                0x0380255c                vex::controller::value(_V5_ControllerIndex)
 .text._ZN3vex10controller6rumbleEPKc
                0x03802564       0x4c C:\Program Files (x86)\VEX Robotics\VEXcode Pro V5\sdk/vexv5\libv5rt.a(vex_controller.cpp.obj)
                0x03802564                vex::controller::rumble(char const*)
 .text._ZNK3vex10controller6button8pressingEv
                0x038025b0       0xc8 C:\Program Files (x86)\VEX Robotics\VEXcode Pro V5\sdk/vexv5\libv5rt.a(vex_controller.cpp.obj)
                0x038025b0                vex::controller::button::pressing() const
 .text._ZNK3vex10controller6button21_buttonToPressedEventEv
                0x03802678       0x20 C:\Program Files (x86)\VEX Robotics\VEXcode Pro V5\sdk/vexv5\libv5rt.a(vex_controller.cpp.obj)
                0x03802678                vex::controller::button::_buttonToPressedEvent() const
 .text._ZNK3vex10controller6button22_buttonToReleasedEventEv
                0x03802698       0x20 C:\Program Files (x86)\VEX Robotics\VEXcode Pro V5\sdk/vexv5\libv5rt.a(vex_controller.cpp.obj)
                0x03802698                vex::controller::button::_buttonToReleasedEvent() const
 .text._ZN3vex10controller6buttonC2ENS0_11tButtonTypeEPS0_
                0x038026b8       0x48 C:\Program Files (x86)\VEX Robotics\VEXcode Pro V5\sdk/vexv5\libv5rt.a(vex_controller.cpp.obj)
                0x038026b8                vex::controller::button::button(vex::controller::tButtonType, vex::controller*)
                0x038026b8                vex::controller::button::button(vex::controller::tButtonType, vex::controller*)
 .text._ZNK3vex10controller4axis23_joystickToChangedEventEv
                0x03802700       0x20 C:\Program Files (x86)\VEX Robotics\VEXcode Pro V5\sdk/vexv5\libv5rt.a(vex_controller.cpp.obj)
                0x03802700                vex::controller::axis::_joystickToChangedEvent() const
 .text._ZN3vex10controller4axisC2ENS0_9tAxisTypeEPS0_
                0x03802720       0x2c C:\Program Files (x86)\VEX Robotics\VEXcode Pro V5\sdk/vexv5\libv5rt.a(vex_controller.cpp.obj)
                0x03802720                vex::controller::axis::axis(vex::controller::tAxisType, vex::controller*)
                0x03802720                vex::controller::axis::axis(vex::controller::tAxisType, vex::controller*)
 .text._ZN3vex10controllerC2Ev
                0x0380274c      0x164 C:\Program Files (x86)\VEX Robotics\VEXcode Pro V5\sdk/vexv5\libv5rt.a(vex_controller.cpp.obj)
                0x0380274c                vex::controller::controller()
                0x0380274c                vex::controller::controller()
 .text._ZN3vex11this_thread9sleep_forEm
                0x038028b0        0x4 C:\Program Files (x86)\VEX Robotics\VEXcode Pro V5\sdk/vexv5\libv5rt.a(vex_thread.cpp.obj)
                0x038028b0                vex::this_thread::sleep_for(unsigned long)
 .text._ZN3vex5event4initEmmPFvvE
                0x038028b4        0x4 C:\Program Files (x86)\VEX Robotics\VEXcode Pro V5\sdk/vexv5\libv5rt.a(vex_event.cpp.obj)
                0x038028b4                vex::event::init(unsigned long, unsigned long, void (*)())
 .text._ZN3vex5event9userindexEv
                0x038028b8        0x4 C:\Program Files (x86)\VEX Robotics\VEXcode Pro V5\sdk/vexv5\libv5rt.a(vex_event.cpp.obj)
                0x038028b8                vex::event::userindex()
 .text._ZZN3vex6meventC4EmmENUlvE_4_FUNEv
                0x038028bc        0x4 C:\Program Files (x86)\VEX Robotics\VEXcode Pro V5\sdk/vexv5\libv5rt.a(vex_mevent.cpp.obj)
 .text._ZN3vex6meventC2Emm
                0x038028c0       0x70 C:\Program Files (x86)\VEX Robotics\VEXcode Pro V5\sdk/vexv5\libv5rt.a(vex_mevent.cpp.obj)
                0x038028c0                vex::mevent::mevent(unsigned long, unsigned long)
                0x038028c0                vex::mevent::mevent(unsigned long, unsigned long)
 .text._ZN3vex5brain9_getIndexEv
                0x03802930       0x10 C:\Program Files (x86)\VEX Robotics\VEXcode Pro V5\sdk/vexv5\libv5rt.a(vex_brain.cpp.obj)
                0x03802930                vex::brain::_getIndex()
 .text._ZN3vex5brain3lcd9setCursorEll
                0x03802940       0x44 C:\Program Files (x86)\VEX Robotics\VEXcode Pro V5\sdk/vexv5\libv5rt.a(vex_brain.cpp.obj)
                0x03802940                vex::brain::lcd::setCursor(long, long)
 .text._ZN3vex5brain3lcd7setFontENS_8fontTypeE
                0x03802984      0x23c C:\Program Files (x86)\VEX Robotics\VEXcode Pro V5\sdk/vexv5\libv5rt.a(vex_brain.cpp.obj)
                0x03802984                vex::brain::lcd::setFont(vex::fontType)
 .text._ZN3vex5brain3lcdC2Ev
                0x03802bc0       0x94 C:\Program Files (x86)\VEX Robotics\VEXcode Pro V5\sdk/vexv5\libv5rt.a(vex_brain.cpp.obj)
                0x03802bc0                vex::brain::lcd::lcd()
                0x03802bc0                vex::brain::lcd::lcd()
 .text._ZN3vex5brainC2Ev
                0x03802c54       0x3c C:\Program Files (x86)\VEX Robotics\VEXcode Pro V5\sdk/vexv5\libv5rt.a(vex_brain.cpp.obj)
                0x03802c54                vex::brain::brain()
                0x03802c54                vex::brain::brain()
 .text._ZN3vex5brain3lcd11setPenColorERKNS_5colorE
                0x03802c90       0x14 C:\Program Files (x86)\VEX Robotics\VEXcode Pro V5\sdk/vexv5\libv5rt.a(vex_brain.cpp.obj)
                0x03802c90                vex::brain::lcd::setPenColor(vex::color const&)
 .text._ZN3vex5brain3lcd12setFillColorERKNS_5colorE
                0x03802ca4       0x38 C:\Program Files (x86)\VEX Robotics\VEXcode Pro V5\sdk/vexv5\libv5rt.a(vex_brain.cpp.obj)
                0x03802ca4                vex::brain::lcd::setFillColor(vex::color const&)
 .text._ZN3vex5brain3lcd7printAtEllPKcz
                0x03802cdc       0x54 C:\Program Files (x86)\VEX Robotics\VEXcode Pro V5\sdk/vexv5\libv5rt.a(vex_brain.cpp.obj)
                0x03802cdc                vex::brain::lcd::printAt(long, long, char const*, ...)
 .text._ZN3vex5brain3lcd12_clearScreenEm
                0x03802d30       0x38 C:\Program Files (x86)\VEX Robotics\VEXcode Pro V5\sdk/vexv5\libv5rt.a(vex_brain.cpp.obj)
                0x03802d30                vex::brain::lcd::_clearScreen(unsigned long)
 .text._ZN3vex5brain3lcd11clearScreenERKNS_5colorE
                0x03802d68       0x20 C:\Program Files (x86)\VEX Robotics\VEXcode Pro V5\sdk/vexv5\libv5rt.a(vex_brain.cpp.obj)
                0x03802d68                vex::brain::lcd::clearScreen(vex::color const&)
 .text._ZN3vex5brain3lcd11clearScreenEv
                0x03802d88       0x2c C:\Program Files (x86)\VEX Robotics\VEXcode Pro V5\sdk/vexv5\libv5rt.a(vex_brain.cpp.obj)
                0x03802d88                vex::brain::lcd::clearScreen()
 .text._ZN3vex5brain3lcd13drawRectangleEiiii
                0x03802db4       0xdc C:\Program Files (x86)\VEX Robotics\VEXcode Pro V5\sdk/vexv5\libv5rt.a(vex_brain.cpp.obj)
                0x03802db4                vex::brain::lcd::drawRectangle(int, int, int, int)
 .text._ZN3vex5brain3lcd6renderEv
                0x03802e90        0xc C:\Program Files (x86)\VEX Robotics\VEXcode Pro V5\sdk/vexv5\libv5rt.a(vex_brain.cpp.obj)
                0x03802e90                vex::brain::lcd::render()
 .text._ZN3vex5brain6sdcard10isInsertedEv
                0x03802e9c        0x8 C:\Program Files (x86)\VEX Robotics\VEXcode Pro V5\sdk/vexv5\libv5rt.a(vex_brain.cpp.obj)
                0x03802e9c                vex::brain::sdcard::isInserted()
 .text._ZN3vex5brainD2Ev
                0x03802ea4       0x20 C:\Program Files (x86)\VEX Robotics\VEXcode Pro V5\sdk/vexv5\libv5rt.a(vex_brain.cpp.obj)
                0x03802ea4                vex::brain::~brain()
                0x03802ea4                vex::brain::~brain()
 .text._ZN3vex7triportD2Ev
                0x03802ec4       0x38 C:\Program Files (x86)\VEX Robotics\VEXcode Pro V5\sdk/vexv5\libv5rt.a(vex_triport.cpp.obj)
                0x03802ec4                vex::triport::~triport()
                0x03802ec4                vex::triport::~triport()
 .text._ZN3vex7triportD0Ev
                0x03802efc       0x1c C:\Program Files (x86)\VEX Robotics\VEXcode Pro V5\sdk/vexv5\libv5rt.a(vex_triport.cpp.obj)
                0x03802efc                vex::triport::~triport()
 .text._ZN3vex7triport9installedEv
                0x03802f18       0x18 C:\Program Files (x86)\VEX Robotics\VEXcode Pro V5\sdk/vexv5\libv5rt.a(vex_triport.cpp.obj)
                0x03802f18                vex::triport::installed()
 .text._ZN3vex7triport4portC2ElPS0_
                0x03802f30       0x74 C:\Program Files (x86)\VEX Robotics\VEXcode Pro V5\sdk/vexv5\libv5rt.a(vex_triport.cpp.obj)
                0x03802f30                vex::triport::port::port(long, vex::triport*)
                0x03802f30                vex::triport::port::port(long, vex::triport*)
 .text._ZN3vex7triportC2El
                0x03802fa4       0xf0 C:\Program Files (x86)\VEX Robotics\VEXcode Pro V5\sdk/vexv5\libv5rt.a(vex_triport.cpp.obj)
                0x03802fa4                vex::triport::triport(long)
                0x03802fa4                vex::triport::triport(long)
 .text._ZN3vex5colorD2Ev
                0x03803094        0x4 C:\Program Files (x86)\VEX Robotics\VEXcode Pro V5\sdk/vexv5\libv5rt.a(vex_color.cpp.obj)
                0x03803094                vex::color::~color()
                0x03803094                vex::color::~color()
 .text._ZN3vex5colorC2Ehhh
                0x03803098       0x1c C:\Program Files (x86)\VEX Robotics\VEXcode Pro V5\sdk/vexv5\libv5rt.a(vex_color.cpp.obj)
                0x03803098                vex::color::color(unsigned char, unsigned char, unsigned char)
                0x03803098                vex::color::color(unsigned char, unsigned char, unsigned char)
 .text._ZNK3vex5colorcvmEv
                0x038030b4        0x8 C:\Program Files (x86)\VEX Robotics\VEXcode Pro V5\sdk/vexv5\libv5rt.a(vex_color.cpp.obj)
                0x038030b4                vex::color::operator unsigned long() const
 .text._ZNK3vex5color13isTransparentEv
                0x038030bc        0x8 C:\Program Files (x86)\VEX Robotics\VEXcode Pro V5\sdk/vexv5\libv5rt.a(vex_color.cpp.obj)
                0x038030bc                vex::color::isTransparent() const
 .text.startup._GLOBAL__sub_I__ZN3vex5color5blackE
                0x038030c4      0x164 C:\Program Files (x86)\VEX Robotics\VEXcode Pro V5\sdk/vexv5\libv5rt.a(vex_color.cpp.obj)
 .text._ZN3vex5timerD2Ev
                0x03803228        0x4 C:\Program Files (x86)\VEX Robotics\VEXcode Pro V5\sdk/vexv5\libv5rt.a(vex_timer.cpp.obj)
                0x03803228                vex::timer::~timer()
                0x03803228                vex::timer::~timer()
 .text._ZN3vex5timer5clearEv
                0x0380322c       0x1c C:\Program Files (x86)\VEX Robotics\VEXcode Pro V5\sdk/vexv5\libv5rt.a(vex_timer.cpp.obj)
                0x0380322c                vex::timer::clear()
 .text._ZN3vex5timerC2Ev
                0x03803248       0x14 C:\Program Files (x86)\VEX Robotics\VEXcode Pro V5\sdk/vexv5\libv5rt.a(vex_timer.cpp.obj)
                0x03803248                vex::timer::timer()
                0x03803248                vex::timer::timer()
 .text.vexEventMaskSet
                0x0380325c       0x28 C:\Program Files (x86)\VEX Robotics\VEXcode Pro V5\sdk/vexv5\libv5rt.a(v5_apiuser.c.obj)
                0x0380325c                vexEventMaskSet
 .text.vexEventMaskGet
                0x03803284       0x18 C:\Program Files (x86)\VEX Robotics\VEXcode Pro V5\sdk/vexv5\libv5rt.a(v5_apiuser.c.obj)
                0x03803284                vexEventMaskGet
 .text._ZN3vex6deviceD2Ev
                0x0380329c        0x4 C:\Program Files (x86)\VEX Robotics\VEXcode Pro V5\sdk/vexv5\libv5rt.a(vex_device.cpp.obj)
                0x0380329c                vex::device::~device()
                0x0380329c                vex::device::~device()
 .text._ZN3vex6device5valueEv
                0x038032a0        0x8 C:\Program Files (x86)\VEX Robotics\VEXcode Pro V5\sdk/vexv5\libv5rt.a(vex_device.cpp.obj)
                0x038032a0                vex::device::value()
 .text._ZN3vex6deviceD0Ev
                0x038032a8       0x14 C:\Program Files (x86)\VEX Robotics\VEXcode Pro V5\sdk/vexv5\libv5rt.a(vex_device.cpp.obj)
                0x038032a8                vex::device::~device()
 .text._ZN3vex6device4initEl
                0x038032bc       0x30 C:\Program Files (x86)\VEX Robotics\VEXcode Pro V5\sdk/vexv5\libv5rt.a(vex_device.cpp.obj)
                0x038032bc                vex::device::init(long)
 .text._ZN3vex6deviceC2El
                0x038032ec       0x20 C:\Program Files (x86)\VEX Robotics\VEXcode Pro V5\sdk/vexv5\libv5rt.a(vex_device.cpp.obj)
                0x038032ec                vex::device::device(long)
                0x038032ec                vex::device::device(long)
 .text._ZN3vex6device4typeEv
                0x0380330c       0x10 C:\Program Files (x86)\VEX Robotics\VEXcode Pro V5\sdk/vexv5\libv5rt.a(vex_device.cpp.obj)
                0x0380330c                vex::device::type()
 .text._ZN3vex6device9installedEv
                0x0380331c       0x14 C:\Program Files (x86)\VEX Robotics\VEXcode Pro V5\sdk/vexv5\libv5rt.a(vex_device.cpp.obj)
                0x0380331c                vex::device::installed()
 .text._ZN10__cxxabiv120__si_class_type_infoD2Ev
                0x03803330       0x14 C:\Program Files (x86)\VEX Robotics\VEXcode Pro V5\sdk/vexv5/gcc/libs\libstdc++.a(si_class_type_info.o)
                0x03803330                __cxxabiv1::__si_class_type_info::~__si_class_type_info()
                0x03803330                __cxxabiv1::__si_class_type_info::~__si_class_type_info()
 .text._ZN10__cxxabiv120__si_class_type_infoD0Ev
                0x03803344       0x1c C:\Program Files (x86)\VEX Robotics\VEXcode Pro V5\sdk/vexv5/gcc/libs\libstdc++.a(si_class_type_info.o)
                0x03803344                __cxxabiv1::__si_class_type_info::~__si_class_type_info()
 .text._ZNK10__cxxabiv120__si_class_type_info20__do_find_public_srcEiPKvPKNS_17__class_type_infoES2_
                0x03803360       0x3c C:\Program Files (x86)\VEX Robotics\VEXcode Pro V5\sdk/vexv5/gcc/libs\libstdc++.a(si_class_type_info.o)
                0x03803360                __cxxabiv1::__si_class_type_info::__do_find_public_src(int, void const*, __cxxabiv1::__class_type_info const*, void const*) const
 .text._ZNK10__cxxabiv120__si_class_type_info12__do_dyncastEiNS_17__class_type_info10__sub_kindEPKS1_PKvS4_S6_RNS1_16__dyncast_resultE
                0x0380339c       0x8c C:\Program Files (x86)\VEX Robotics\VEXcode Pro V5\sdk/vexv5/gcc/libs\libstdc++.a(si_class_type_info.o)
                0x0380339c                __cxxabiv1::__si_class_type_info::__do_dyncast(int, __cxxabiv1::__class_type_info::__sub_kind, __cxxabiv1::__class_type_info const*, void const*, __cxxabiv1::__class_type_info const*, void const*, __cxxabiv1::__class_type_info::__dyncast_result&) const
 .text._ZNK10__cxxabiv120__si_class_type_info11__do_upcastEPKNS_17__class_type_infoEPKvRNS1_15__upcast_resultE
                0x03803428       0x2c C:\Program Files (x86)\VEX Robotics\VEXcode Pro V5\sdk/vexv5/gcc/libs\libstdc++.a(si_class_type_info.o)
                0x03803428                __cxxabiv1::__si_class_type_info::__do_upcast(__cxxabiv1::__class_type_info const*, void const*, __cxxabiv1::__class_type_info::__upcast_result&) const
 .text._ZNSt8ios_base17_M_call_callbacksENS_5eventE
                0x03803454       0x34 C:\Program Files (x86)\VEX Robotics\VEXcode Pro V5\sdk/vexv5/gcc/libs\libstdc++.a(ios.o)
                0x03803454                std::ios_base::_M_call_callbacks(std::ios_base::event)
 .text._ZNSt8ios_base20_M_dispose_callbacksEv
                0x03803488       0x2c C:\Program Files (x86)\VEX Robotics\VEXcode Pro V5\sdk/vexv5/gcc/libs\libstdc++.a(ios.o)
                0x03803488                std::ios_base::_M_dispose_callbacks()
 .text._ZNSt8ios_baseD2Ev
                0x038034b4       0x38 C:\Program Files (x86)\VEX Robotics\VEXcode Pro V5\sdk/vexv5/gcc/libs\libstdc++.a(ios.o)
                0x038034b4                std::ios_base::~ios_base()
                0x038034b4                std::ios_base::~ios_base()
 .text._ZNSt8ios_baseD0Ev
                0x038034ec       0x14 C:\Program Files (x86)\VEX Robotics\VEXcode Pro V5\sdk/vexv5/gcc/libs\libstdc++.a(ios.o)
                0x038034ec                std::ios_base::~ios_base()
 .text._ZNK10__cxxabiv117__class_type_info11__do_upcastEPKS0_PPv
                0x03803500       0x38 C:\Program Files (x86)\VEX Robotics\VEXcode Pro V5\sdk/vexv5/gcc/libs\libstdc++.a(class_type_info.o)
                0x03803500                __cxxabiv1::__class_type_info::__do_upcast(__cxxabiv1::__class_type_info const*, void**) const
 .text._ZNK10__cxxabiv117__class_type_info20__do_find_public_srcEiPKvPKS0_S2_
                0x03803538        0xc C:\Program Files (x86)\VEX Robotics\VEXcode Pro V5\sdk/vexv5/gcc/libs\libstdc++.a(class_type_info.o)
                0x03803538                __cxxabiv1::__class_type_info::__do_find_public_src(int, void const*, __cxxabiv1::__class_type_info const*, void const*) const
 .text._ZN10__cxxabiv117__class_type_infoD2Ev
                0x03803544       0x14 C:\Program Files (x86)\VEX Robotics\VEXcode Pro V5\sdk/vexv5/gcc/libs\libstdc++.a(class_type_info.o)
                0x03803544                __cxxabiv1::__class_type_info::~__class_type_info()
                0x03803544                __cxxabiv1::__class_type_info::~__class_type_info()
 .text._ZN10__cxxabiv117__class_type_infoD0Ev
                0x03803558       0x1c C:\Program Files (x86)\VEX Robotics\VEXcode Pro V5\sdk/vexv5/gcc/libs\libstdc++.a(class_type_info.o)
                0x03803558                __cxxabiv1::__class_type_info::~__class_type_info()
 .text._ZNK10__cxxabiv117__class_type_info11__do_upcastEPKS0_PKvRNS0_15__upcast_resultE
                0x03803574       0x18 C:\Program Files (x86)\VEX Robotics\VEXcode Pro V5\sdk/vexv5/gcc/libs\libstdc++.a(class_type_info.o)
                0x03803574                __cxxabiv1::__class_type_info::__do_upcast(__cxxabiv1::__class_type_info const*, void const*, __cxxabiv1::__class_type_info::__upcast_result&) const
 .text._ZNK10__cxxabiv117__class_type_info10__do_catchEPKSt9type_infoPPvj
                0x0380358c       0x2c C:\Program Files (x86)\VEX Robotics\VEXcode Pro V5\sdk/vexv5/gcc/libs\libstdc++.a(class_type_info.o)
                0x0380358c                __cxxabiv1::__class_type_info::__do_catch(std::type_info const*, void**, unsigned int) const
 .text._ZNK10__cxxabiv117__class_type_info12__do_dyncastEiNS0_10__sub_kindEPKS0_PKvS3_S5_RNS0_16__dyncast_resultE
                0x038035b8       0x40 C:\Program Files (x86)\VEX Robotics\VEXcode Pro V5\sdk/vexv5/gcc/libs\libstdc++.a(class_type_info.o)
                0x038035b8                __cxxabiv1::__class_type_info::__do_dyncast(int, __cxxabiv1::__class_type_info::__sub_kind, __cxxabiv1::__class_type_info const*, void const*, __cxxabiv1::__class_type_info const*, void const*, __cxxabiv1::__class_type_info::__dyncast_result&) const
 .text._ZNSt9type_infoD2Ev
                0x038035f8        0x4 C:\Program Files (x86)\VEX Robotics\VEXcode Pro V5\sdk/vexv5/gcc/libs\libstdc++.a(tinfo.o)
                0x038035f8                std::type_info::~type_info()
                0x038035f8                std::type_info::~type_info()
 .text._ZNKSt9type_info14__is_pointer_pEv
                0x038035fc        0x4 C:\Program Files (x86)\VEX Robotics\VEXcode Pro V5\sdk/vexv5/gcc/libs\libstdc++.a(tinfo.o)
                0x038035fc                std::type_info::__is_pointer_p() const
 .text._ZNKSt9type_info15__is_function_pEv
                0x03803600        0x4 C:\Program Files (x86)\VEX Robotics\VEXcode Pro V5\sdk/vexv5/gcc/libs\libstdc++.a(tinfo.o)
                0x03803600                std::type_info::__is_function_p() const
 .text._ZNKSt9type_infoeqERKS_
                0x03803604       0x2c C:\Program Files (x86)\VEX Robotics\VEXcode Pro V5\sdk/vexv5/gcc/libs\libstdc++.a(tinfo.o)
                0x03803604                std::type_info::operator==(std::type_info const&) const
 .text._ZN10__cxxabiv121__vmi_class_type_infoD2Ev
                0x03803630       0x14 C:\Program Files (x86)\VEX Robotics\VEXcode Pro V5\sdk/vexv5/gcc/libs\libstdc++.a(vmi_class_type_info.o)
                0x03803630                __cxxabiv1::__vmi_class_type_info::~__vmi_class_type_info()
                0x03803630                __cxxabiv1::__vmi_class_type_info::~__vmi_class_type_info()
 .text._ZN10__cxxabiv121__vmi_class_type_infoD0Ev
                0x03803644       0x1c C:\Program Files (x86)\VEX Robotics\VEXcode Pro V5\sdk/vexv5/gcc/libs\libstdc++.a(vmi_class_type_info.o)
                0x03803644                __cxxabiv1::__vmi_class_type_info::~__vmi_class_type_info()
 .text._ZNK10__cxxabiv121__vmi_class_type_info20__do_find_public_srcEiPKvPKNS_17__class_type_infoES2_
                0x03803660       0x8c C:\Program Files (x86)\VEX Robotics\VEXcode Pro V5\sdk/vexv5/gcc/libs\libstdc++.a(vmi_class_type_info.o)
                0x03803660                __cxxabiv1::__vmi_class_type_info::__do_find_public_src(int, void const*, __cxxabiv1::__class_type_info const*, void const*) const
 .text._ZNK10__cxxabiv121__vmi_class_type_info12__do_dyncastEiNS_17__class_type_info10__sub_kindEPKS1_PKvS4_S6_RNS1_16__dyncast_resultE
                0x038036ec      0x380 C:\Program Files (x86)\VEX Robotics\VEXcode Pro V5\sdk/vexv5/gcc/libs\libstdc++.a(vmi_class_type_info.o)
                0x038036ec                __cxxabiv1::__vmi_class_type_info::__do_dyncast(int, __cxxabiv1::__class_type_info::__sub_kind, __cxxabiv1::__class_type_info const*, void const*, __cxxabiv1::__class_type_info const*, void const*, __cxxabiv1::__class_type_info::__dyncast_result&) const
 .text._ZNK10__cxxabiv121__vmi_class_type_info11__do_upcastEPKNS_17__class_type_infoEPKvRNS1_15__upcast_resultE
                0x03803a6c      0x164 C:\Program Files (x86)\VEX Robotics\VEXcode Pro V5\sdk/vexv5/gcc/libs\libstdc++.a(vmi_class_type_info.o)
                0x03803a6c                __cxxabiv1::__vmi_class_type_info::__do_upcast(__cxxabiv1::__class_type_info const*, void const*, __cxxabiv1::__class_type_info::__upcast_result&) const
 .text.__libc_fini_array
                0x03803bd0       0x30 C:\Program Files (x86)\VEX Robotics\VEXcode Pro V5\sdk/vexv5/gcc/libs\libc.a(lib_a-fini.o)
                0x03803bd0                __libc_fini_array
 .text.__libc_init_array
                0x03803c00       0x58 C:\Program Files (x86)\VEX Robotics\VEXcode Pro V5\sdk/vexv5/gcc/libs\libc.a(lib_a-init.o)
                0x03803c00                __libc_init_array
 .text.__libc_init_array.__stub
                0x03803c58       0x10 linker stubs
 *(.gnu.linkonce.t.*)
 *(.plt)
 *(.gnu_warning)
 *(.gcc_except_table)
 *(.glue_7)
 .glue_7        0x00000000        0x0 linker stubs
 *(.glue_7t)
 .glue_7t       0x00000000        0x0 linker stubs
 *(.vfp11_veneer)
 .vfp11_veneer  0x00000000        0x0 linker stubs
 *(.ARM.extab)
 *(.gnu.linkonce.armextab.*)

.v4_bx          0x03803c68        0x0
 .v4_bx         0x00000000        0x0 linker stubs

.iplt           0x03803c68        0x0
 .iplt          0x00000000        0x0 build/src/main.o

.init
 *(.init)

.fini
 *(.fini)

.rodata         0x03803c68      0x490
                0x03803c68                __rodata_start = .
 *(.rodata)
 *(.rodata.*)
 .rodata.str1.1
                0x03803c68      0x12e build/src/main.o
                                0x13f (size before relaxing)
 *fill*         0x03803d96        0x2 
 .rodata..Lswitch.table._Z8drawMenuR4Menu.33
                0x03803d98       0x2c build/src/main.o
 .rodata..Lswitch.table._Z8drawMenuR4Menu.35
                0x03803dc4       0x2c build/src/main.o
 .rodata.str1.1
                0x03803df0       0x2e C:\Program Files (x86)\VEX Robotics\VEXcode Pro V5\sdk/vexv5\libv5rt.a(v5_startup.c.obj)
 *fill*         0x03803e1e        0x2 
 .rodata._ZN3vex5whiteE
                0x03803e20        0x4 C:\Program Files (x86)\VEX Robotics\VEXcode Pro V5\sdk/vexv5\libv5rt.a(vex_global.cpp.obj)
                0x03803e20                vex::white
 .rodata._ZN3vex6mono30E
                0x03803e24        0x4 C:\Program Files (x86)\VEX Robotics\VEXcode Pro V5\sdk/vexv5\libv5rt.a(vex_global.cpp.obj)
                0x03803e24                vex::mono30
 .rodata._ZN3vex3secE
                0x03803e28        0x4 C:\Program Files (x86)\VEX Robotics\VEXcode Pro V5\sdk/vexv5\libv5rt.a(vex_global.cpp.obj)
                0x03803e28                vex::sec
 .rodata._ZN3vex5blackE
                0x03803e2c        0x4 C:\Program Files (x86)\VEX Robotics\VEXcode Pro V5\sdk/vexv5\libv5rt.a(vex_global.cpp.obj)
                0x03803e2c                vex::black
 .rodata._ZN3vex4msecE
                0x03803e30        0x4 C:\Program Files (x86)\VEX Robotics\VEXcode Pro V5\sdk/vexv5\libv5rt.a(vex_global.cpp.obj)
                0x03803e30                vex::msec
 .rodata._ZN3vex6mono20E
                0x03803e34        0x4 C:\Program Files (x86)\VEX Robotics\VEXcode Pro V5\sdk/vexv5\libv5rt.a(vex_global.cpp.obj)
                0x03803e34                vex::mono20
 .rodata._ZN3vex6PORT22E
                0x03803e38        0x4 C:\Program Files (x86)\VEX Robotics\VEXcode Pro V5\sdk/vexv5\libv5rt.a(vex_global.cpp.obj)
                0x03803e38                vex::PORT22
 .rodata._ZN3vex6mono60E
                0x03803e3c        0x4 C:\Program Files (x86)\VEX Robotics\VEXcode Pro V5\sdk/vexv5\libv5rt.a(vex_global.cpp.obj)
                0x03803e3c                vex::mono60
 .rodata._ZN3vex6mono40E
                0x03803e40        0x4 C:\Program Files (x86)\VEX Robotics\VEXcode Pro V5\sdk/vexv5\libv5rt.a(vex_global.cpp.obj)
                0x03803e40                vex::mono40
 .rodata.CSWTCH.16
                0x03803e44        0xb C:\Program Files (x86)\VEX Robotics\VEXcode Pro V5\sdk/vexv5\libv5rt.a(vex_controller.cpp.obj)
 .rodata.CSWTCH.18
                0x03803e4f        0xb C:\Program Files (x86)\VEX Robotics\VEXcode Pro V5\sdk/vexv5\libv5rt.a(vex_controller.cpp.obj)
 .rodata.CSWTCH.24
                0x03803e5a        0x3 C:\Program Files (x86)\VEX Robotics\VEXcode Pro V5\sdk/vexv5\libv5rt.a(vex_controller.cpp.obj)
 .rodata.str1.1
                0x03803e5d       0x2b C:\Program Files (x86)\VEX Robotics\VEXcode Pro V5\sdk/vexv5\libv5rt.a(vex_brain.cpp.obj)
                                 0x2d (size before relaxing)
 .rodata._ZTVN3vex7triportE
                0x03803e88       0x18 C:\Program Files (x86)\VEX Robotics\VEXcode Pro V5\sdk/vexv5\libv5rt.a(vex_triport.cpp.obj)
                0x03803e88                vtable for vex::triport
 .rodata._ZTVN3vex6deviceE
                0x03803ea0       0x18 C:\Program Files (x86)\VEX Robotics\VEXcode Pro V5\sdk/vexv5\libv5rt.a(vex_device.cpp.obj)
                0x03803ea0                vtable for vex::device
 .rodata._ZTCSt14basic_ofstreamIcSt11char_traitsIcEE0_So
                0x03803eb8       0x28 C:\Program Files (x86)\VEX Robotics\VEXcode Pro V5\sdk/vexv5/gcc/libs\libstdc++.a(fstream-inst.o)
                0x03803eb8                construction vtable for std::ostream-in-std::basic_ofstream<char, std::char_traits<char> >
 .rodata._ZTTSt14basic_ofstreamIcSt11char_traitsIcEE
                0x03803ee0       0x10 C:\Program Files (x86)\VEX Robotics\VEXcode Pro V5\sdk/vexv5/gcc/libs\libstdc++.a(fstream-inst.o)
                0x03803ee0                VTT for std::basic_ofstream<char, std::char_traits<char> >
 .rodata._ZTVSt14basic_ofstreamIcSt11char_traitsIcEE
                0x03803ef0       0x28 C:\Program Files (x86)\VEX Robotics\VEXcode Pro V5\sdk/vexv5/gcc/libs\libstdc++.a(fstream-inst.o)
                0x03803ef0                vtable for std::basic_ofstream<char, std::char_traits<char> >
 .rodata._ZTISt14basic_ofstreamIcSt11char_traitsIcEE
                0x03803f18        0xc C:\Program Files (x86)\VEX Robotics\VEXcode Pro V5\sdk/vexv5/gcc/libs\libstdc++.a(fstream-inst.o)
                0x03803f18                typeinfo for std::basic_ofstream<char, std::char_traits<char> >
 .rodata._ZTSSt14basic_ofstreamIcSt11char_traitsIcEE
                0x03803f24       0x28 C:\Program Files (x86)\VEX Robotics\VEXcode Pro V5\sdk/vexv5/gcc/libs\libstdc++.a(fstream-inst.o)
                0x03803f24                typeinfo name for std::basic_ofstream<char, std::char_traits<char> >
 *fill*         0x03803f4c        0x4 
 .rodata._ZTVN10__cxxabiv120__si_class_type_infoE
                0x03803f50       0x2c C:\Program Files (x86)\VEX Robotics\VEXcode Pro V5\sdk/vexv5/gcc/libs\libstdc++.a(si_class_type_info.o)
                0x03803f50                vtable for __cxxabiv1::__si_class_type_info
 .rodata._ZTIN10__cxxabiv120__si_class_type_infoE
                0x03803f7c        0xc C:\Program Files (x86)\VEX Robotics\VEXcode Pro V5\sdk/vexv5/gcc/libs\libstdc++.a(si_class_type_info.o)
                0x03803f7c                typeinfo for __cxxabiv1::__si_class_type_info
 .rodata._ZTSN10__cxxabiv120__si_class_type_infoE
                0x03803f88       0x25 C:\Program Files (x86)\VEX Robotics\VEXcode Pro V5\sdk/vexv5/gcc/libs\libstdc++.a(si_class_type_info.o)
                0x03803f88                typeinfo name for __cxxabiv1::__si_class_type_info
 *fill*         0x03803fad        0x3 
 .rodata._ZTISt9basic_iosIcSt11char_traitsIcEE
                0x03803fb0        0xc C:\Program Files (x86)\VEX Robotics\VEXcode Pro V5\sdk/vexv5/gcc/libs\libstdc++.a(ios-inst.o)
                0x03803fb0                typeinfo for std::basic_ios<char, std::char_traits<char> >
 .rodata._ZTSSt9basic_iosIcSt11char_traitsIcEE
                0x03803fbc       0x22 C:\Program Files (x86)\VEX Robotics\VEXcode Pro V5\sdk/vexv5/gcc/libs\libstdc++.a(ios-inst.o)
                0x03803fbc                typeinfo name for std::basic_ios<char, std::char_traits<char> >
 *fill*         0x03803fde        0x2 
 .rodata._ZTVSt8ios_base
                0x03803fe0       0x10 C:\Program Files (x86)\VEX Robotics\VEXcode Pro V5\sdk/vexv5/gcc/libs\libstdc++.a(ios.o)
                0x03803fe0                vtable for std::ios_base
 .rodata._ZTISt8ios_base
                0x03803ff0        0x8 C:\Program Files (x86)\VEX Robotics\VEXcode Pro V5\sdk/vexv5/gcc/libs\libstdc++.a(ios.o)
                0x03803ff0                typeinfo for std::ios_base
 .rodata._ZTSSt8ios_base
                0x03803ff8        0xc C:\Program Files (x86)\VEX Robotics\VEXcode Pro V5\sdk/vexv5/gcc/libs\libstdc++.a(ios.o)
                0x03803ff8                typeinfo name for std::ios_base
 .rodata._ZTISo
                0x03804004       0x18 C:\Program Files (x86)\VEX Robotics\VEXcode Pro V5\sdk/vexv5/gcc/libs\libstdc++.a(ostream-inst.o)
                0x03804004                typeinfo for std::ostream
 .rodata._ZTSSo
                0x0380401c        0x3 C:\Program Files (x86)\VEX Robotics\VEXcode Pro V5\sdk/vexv5/gcc/libs\libstdc++.a(ostream-inst.o)
                0x0380401c                typeinfo name for std::ostream
 *fill*         0x0380401f        0x1 
 .rodata._ZTVN10__cxxabiv117__class_type_infoE
                0x03804020       0x2c C:\Program Files (x86)\VEX Robotics\VEXcode Pro V5\sdk/vexv5/gcc/libs\libstdc++.a(class_type_info.o)
                0x03804020                vtable for __cxxabiv1::__class_type_info
 .rodata._ZTIN10__cxxabiv117__class_type_infoE
                0x0380404c        0xc C:\Program Files (x86)\VEX Robotics\VEXcode Pro V5\sdk/vexv5/gcc/libs\libstdc++.a(class_type_info.o)
                0x0380404c                typeinfo for __cxxabiv1::__class_type_info
 .rodata._ZTSN10__cxxabiv117__class_type_infoE
                0x03804058       0x22 C:\Program Files (x86)\VEX Robotics\VEXcode Pro V5\sdk/vexv5/gcc/libs\libstdc++.a(class_type_info.o)
                0x03804058                typeinfo name for __cxxabiv1::__class_type_info
 *fill*         0x0380407a        0x2 
 .rodata._ZTISt9type_info
                0x0380407c        0x8 C:\Program Files (x86)\VEX Robotics\VEXcode Pro V5\sdk/vexv5/gcc/libs\libstdc++.a(tinfo.o)
                0x0380407c                typeinfo for std::type_info
 .rodata._ZTSSt9type_info
                0x03804084        0xd C:\Program Files (x86)\VEX Robotics\VEXcode Pro V5\sdk/vexv5/gcc/libs\libstdc++.a(tinfo.o)
                0x03804084                typeinfo name for std::type_info
 *fill*         0x03804091        0x3 
 .rodata._ZTIN10__cxxabiv121__vmi_class_type_infoE
                0x03804094        0xc C:\Program Files (x86)\VEX Robotics\VEXcode Pro V5\sdk/vexv5/gcc/libs\libstdc++.a(vmi_class_type_info.o)
                0x03804094                typeinfo for __cxxabiv1::__vmi_class_type_info
 .rodata._ZTSN10__cxxabiv121__vmi_class_type_infoE
                0x038040a0       0x26 C:\Program Files (x86)\VEX Robotics\VEXcode Pro V5\sdk/vexv5/gcc/libs\libstdc++.a(vmi_class_type_info.o)
                0x038040a0                typeinfo name for __cxxabiv1::__vmi_class_type_info
 *fill*         0x038040c6        0x2 
 .rodata._ZTVN10__cxxabiv121__vmi_class_type_infoE
                0x038040c8       0x2c C:\Program Files (x86)\VEX Robotics\VEXcode Pro V5\sdk/vexv5/gcc/libs\libstdc++.a(vmi_class_type_info.o)
                0x038040c8                vtable for __cxxabiv1::__vmi_class_type_info
 .rodata.str1.4
                0x038040f4        0x4 C:\Program Files (x86)\VEX Robotics\VEXcode Pro V5\sdk/vexv5/gcc/libs\libc.a(lib_a-impure.o)
                                  0x2 (size before relaxing)
 *(.gnu.linkonce.r.*)
                0x038040f8                __rodata_end = .

.ARM.extab.text._ZNSt8ios_base17_M_call_callbacksENS_5eventE
                0x038040f8       0x28
 .ARM.extab.text._ZNSt8ios_base17_M_call_callbacksENS_5eventE
                0x038040f8       0x28 C:\Program Files (x86)\VEX Robotics\VEXcode Pro V5\sdk/vexv5/gcc/libs\libstdc++.a(ios.o)

.rodata1        0x03804120        0x0
                0x03804120                __rodata1_start = .
 *(.rodata1)
 *(.rodata1.*)
                0x03804120                __rodata1_end = .

.sdata2         0x03804120        0x0
                0x03804120                __sdata2_start = .
 *(.sdata2)
 *(.sdata2.*)
 *(.gnu.linkonce.s2.*)
                0x03804120                __sdata2_end = .

.sbss2          0x03804120        0x0
                0x03804120                __sbss2_start = .
 *(.sbss2)
 *(.sbss2.*)
 *(.gnu.linkonce.sb2.*)
                0x03804120                __sbss2_end = .

.data           0x03804120      0x434
                0x03804120                __data_start = .
 *(.data)
 *(.data.*)
 .data.appRunning
                0x03804120        0x4 C:\Program Files (x86)\VEX Robotics\VEXcode Pro V5\sdk/vexv5\libv5rt.a(v5_startup.c.obj)
                0x03804120                appRunning
 .data.__yoff   0x03804124        0x4 C:\Program Files (x86)\VEX Robotics\VEXcode Pro V5\sdk/vexv5\libv5rt.a(v5_apijump.c.obj)
 .data.impure_data
                0x03804128      0x428 C:\Program Files (x86)\VEX Robotics\VEXcode Pro V5\sdk/vexv5/gcc/libs\libc.a(lib_a-impure.o)
 .data._impure_ptr
                0x03804550        0x4 C:\Program Files (x86)\VEX Robotics\VEXcode Pro V5\sdk/vexv5/gcc/libs\libc.a(lib_a-impure.o)
                0x03804550                _impure_ptr
 *(.gnu.linkonce.d.*)
 *(.jcr)
 *(.got)
 *(.got.plt)
                0x03804554                __data_end = .

.igot.plt       0x03804554        0x0
 .igot.plt      0x00000000        0x0 build/src/main.o

.data1          0x03804554        0x0
                0x03804554                __data1_start = .
 *(.data1)
 *(.data1.*)
                0x03804554                __data1_end = .

.got
 *(.got)

.ctors          0x03804554        0x0
                0x03804554                __CTOR_LIST__ = .
                0x03804554                ___CTORS_LIST___ = .
 *crtbegin.o(.ctors)
 *(EXCLUDE_FILE(*crtend.o) .ctors)
 *(SORT(.ctors.*))
 *(.ctors)
                0x03804554                __CTOR_END__ = .
                0x03804554                ___CTORS_END___ = .

.dtors          0x03804554        0x0
                0x03804554                __DTOR_LIST__ = .
                0x03804554                ___DTORS_LIST___ = .
 *crtbegin.o(.dtors)
 *(EXCLUDE_FILE(*crtend.o) .dtors)
 *(SORT(.dtors.*))
 *(.dtors)
                0x03804554                __DTOR_END__ = .
                0x03804554                ___DTORS_END___ = .

.fixup          0x03804554        0x0
                0x03804554                __fixup_start = .
 *(.fixup)
                0x03804554                __fixup_end = .

.eh_frame
 *(.eh_frame)

.eh_framehdr    0x03804554        0x0
                0x03804554                __eh_framehdr_start = .
 *(.eh_framehdr)
                0x03804554                __eh_framehdr_end = .

.gcc_except_table
 *(.gcc_except_table)

.mmu_tbl        0x03808000        0x0
                0x03808000                __mmu_tbl_start = .
 *(.mmu_tbl)
                0x03808000                __mmu_tbl_end = .

.ARM.exidx      0x03804554       0x98
                0x03804554                __exidx_start = .
 *(.ARM.exidx*)
 .ARM.exidx.text._ZNSt6vectorI11MultiButtonSaIS0_EED2Ev
                0x03804554        0x8 build/src/main.o
 .ARM.exidx.text._ZNSt6vectorI11MultiButtonSaIS0_EEC2ERKS2_
                0x0380455c        0x0 build/src/main.o
                                  0x8 (size before relaxing)
 .ARM.exidx.text._ZN4MenuC2EiSt6vectorI6ButtonSaIS1_EES0_I6ToggleSaIS4_EES0_I11MultiButtonSaIS7_EEi
                0x0380455c        0x0 build/src/main.o
                                  0x8 (size before relaxing)
 .ARM.exidx.text._ZNSt6vectorI6ToggleSaIS0_EED2Ev
                0x0380455c        0x0 build/src/main.o
                                  0x8 (size before relaxing)
 .ARM.exidx.text._ZNSt6vectorI6ButtonSaIS0_EED2Ev
                0x0380455c        0x0 build/src/main.o
                                  0x8 (size before relaxing)
 .ARM.exidx.text._ZN4MenuD2Ev
                0x0380455c        0x0 build/src/main.o
                                  0x8 (size before relaxing)
 .ARM.exidx.text._Z8drawMenuR4Menu
                0x0380455c        0x0 build/src/main.o
                                  0x8 (size before relaxing)
 .ARM.exidx.text._Z7useMenuR4Menu
                0x0380455c        0x0 build/src/main.o
                                  0x8 (size before relaxing)
 .ARM.exidx.text._ZN4Menu19setCurrentSelectionEi
                0x0380455c        0x0 build/src/main.o
                                  0x8 (size before relaxing)
 .ARM.exidx.text._Z9saveFilesv
                0x0380455c        0x0 build/src/main.o
                                  0x8 (size before relaxing)
 .ARM.exidx.text.main
                0x0380455c        0x0 build/src/main.o
                                  0x8 (size before relaxing)
 .ARM.exidx.text._ZNSt6vectorIN3vex5colorESaIS1_EED2Ev
                0x0380455c        0x0 build/src/main.o
                                  0x8 (size before relaxing)
 .ARM.exidx.text._ZNSt6vectorISsSaISsEED2Ev
                0x0380455c        0x0 build/src/main.o
                                  0x8 (size before relaxing)
 .ARM.exidx.text._ZNSt6vectorI6ButtonSaIS0_EEC2ERKS2_
                0x0380455c        0x0 build/src/main.o
                                  0x8 (size before relaxing)
 .ARM.exidx.text._ZNSt6vectorI6ToggleSaIS0_EEC2ERKS2_
                0x0380455c        0x0 build/src/main.o
                                  0x8 (size before relaxing)
 .ARM.exidx.text._ZNSt12_Vector_baseI6ButtonSaIS0_EE11_M_allocateEj
                0x0380455c        0x0 build/src/main.o
                                  0x8 (size before relaxing)
 .ARM.exidx.text._ZNSt12_Vector_baseI6ToggleSaIS0_EE11_M_allocateEj
                0x0380455c        0x0 build/src/main.o
                                  0x8 (size before relaxing)
 .ARM.exidx.text._ZNSt12_Vector_baseI11MultiButtonSaIS0_EE11_M_allocateEj
                0x0380455c        0x0 build/src/main.o
                                  0x8 (size before relaxing)
 .ARM.exidx.text._ZNSt20__uninitialized_copyILb0EE13__uninit_copyIN9__gnu_cxx17__normal_iteratorIPK11MultiButtonSt6vectorIS4_SaIS4_EEEEPS4_EET0_T_SD_SC_
                0x0380455c        0x0 build/src/main.o
                                  0x8 (size before relaxing)
 .ARM.exidx.text._ZNSt6vectorISsSaISsEEC2ERKS1_
                0x0380455c        0x0 build/src/main.o
                                  0x8 (size before relaxing)
 .ARM.exidx.text._ZNSt6vectorIN3vex5colorESaIS1_EEC2ERKS3_
                0x0380455c        0x0 build/src/main.o
                                  0x8 (size before relaxing)
 .ARM.exidx.text._ZNSt12_Vector_baseISsSaISsEE11_M_allocateEj
                0x0380455c        0x0 build/src/main.o
                                  0x8 (size before relaxing)
 .ARM.exidx.text._ZNSt12_Vector_baseIN3vex5colorESaIS1_EE11_M_allocateEj
                0x0380455c        0x0 build/src/main.o
                                  0x8 (size before relaxing)
 .ARM.exidx.text._ZNSt6vectorISsSaISsEE19_M_range_initializeIPKSsEEvT_S5_St20forward_iterator_tag
                0x0380455c        0x0 build/src/main.o
                                  0x8 (size before relaxing)
 .ARM.exidx.text._ZNSt6vectorI11MultiButtonSaIS0_EE19_M_range_initializeIPKS0_EEvT_S6_St20forward_iterator_tag
                0x0380455c        0x0 build/src/main.o
                                  0x8 (size before relaxing)
 .ARM.exidx.text._GLOBAL__sub_I_main.cpp
                0x0380455c        0x0 build/src/main.o
                                  0x8 (size before relaxing)
 .ARM.exidx.text._ZN10__cxxabiv120__si_class_type_infoD2Ev
                0x0380455c        0x8 C:\Program Files (x86)\VEX Robotics\VEXcode Pro V5\sdk/vexv5/gcc/libs\libstdc++.a(si_class_type_info.o)
 .ARM.exidx.text._ZN10__cxxabiv120__si_class_type_infoD0Ev
                0x03804564        0x0 C:\Program Files (x86)\VEX Robotics\VEXcode Pro V5\sdk/vexv5/gcc/libs\libstdc++.a(si_class_type_info.o)
                                  0x8 (size before relaxing)
 .ARM.exidx.text._ZNK10__cxxabiv120__si_class_type_info20__do_find_public_srcEiPKvPKNS_17__class_type_infoES2_
                0x03804564        0x8 C:\Program Files (x86)\VEX Robotics\VEXcode Pro V5\sdk/vexv5/gcc/libs\libstdc++.a(si_class_type_info.o)
 .ARM.exidx.text._ZNK10__cxxabiv120__si_class_type_info12__do_dyncastEiNS_17__class_type_info10__sub_kindEPKS1_PKvS4_S6_RNS1_16__dyncast_resultE
                0x0380456c        0x8 C:\Program Files (x86)\VEX Robotics\VEXcode Pro V5\sdk/vexv5/gcc/libs\libstdc++.a(si_class_type_info.o)
 .ARM.exidx.text._ZNK10__cxxabiv120__si_class_type_info11__do_upcastEPKNS_17__class_type_infoEPKvRNS1_15__upcast_resultE
                0x03804574        0x8 C:\Program Files (x86)\VEX Robotics\VEXcode Pro V5\sdk/vexv5/gcc/libs\libstdc++.a(si_class_type_info.o)
 .ARM.exidx.text._ZNSt8ios_base17_M_call_callbacksENS_5eventE
                0x0380457c        0x8 C:\Program Files (x86)\VEX Robotics\VEXcode Pro V5\sdk/vexv5/gcc/libs\libstdc++.a(ios.o)
 .ARM.exidx.text._ZNSt8ios_base20_M_dispose_callbacksEv
                0x03804584        0x8 C:\Program Files (x86)\VEX Robotics\VEXcode Pro V5\sdk/vexv5/gcc/libs\libstdc++.a(ios.o)
 .ARM.exidx.text._ZNSt8ios_baseD2Ev
                0x0380458c        0x0 C:\Program Files (x86)\VEX Robotics\VEXcode Pro V5\sdk/vexv5/gcc/libs\libstdc++.a(ios.o)
                                  0x8 (size before relaxing)
 .ARM.exidx.text._ZNSt8ios_baseD0Ev
                0x0380458c        0x0 C:\Program Files (x86)\VEX Robotics\VEXcode Pro V5\sdk/vexv5/gcc/libs\libstdc++.a(ios.o)
                                  0x8 (size before relaxing)
 .ARM.exidx.text._ZNK10__cxxabiv117__class_type_info11__do_upcastEPKS0_PPv
                0x0380458c        0x8 C:\Program Files (x86)\VEX Robotics\VEXcode Pro V5\sdk/vexv5/gcc/libs\libstdc++.a(class_type_info.o)
 .ARM.exidx.text._ZNK10__cxxabiv117__class_type_info20__do_find_public_srcEiPKvPKS0_S2_
                0x03804594        0x8 C:\Program Files (x86)\VEX Robotics\VEXcode Pro V5\sdk/vexv5/gcc/libs\libstdc++.a(class_type_info.o)
 .ARM.exidx.text._ZN10__cxxabiv117__class_type_infoD2Ev
                0x0380459c        0x8 C:\Program Files (x86)\VEX Robotics\VEXcode Pro V5\sdk/vexv5/gcc/libs\libstdc++.a(class_type_info.o)
 .ARM.exidx.text._ZN10__cxxabiv117__class_type_infoD0Ev
                0x038045a4        0x0 C:\Program Files (x86)\VEX Robotics\VEXcode Pro V5\sdk/vexv5/gcc/libs\libstdc++.a(class_type_info.o)
                                  0x8 (size before relaxing)
 .ARM.exidx.text._ZNK10__cxxabiv117__class_type_info11__do_upcastEPKS0_PKvRNS0_15__upcast_resultE
                0x038045a4        0x8 C:\Program Files (x86)\VEX Robotics\VEXcode Pro V5\sdk/vexv5/gcc/libs\libstdc++.a(class_type_info.o)
 .ARM.exidx.text._ZNK10__cxxabiv117__class_type_info10__do_catchEPKSt9type_infoPPvj
                0x038045ac        0x8 C:\Program Files (x86)\VEX Robotics\VEXcode Pro V5\sdk/vexv5/gcc/libs\libstdc++.a(class_type_info.o)
 .ARM.exidx.text._ZNK10__cxxabiv117__class_type_info12__do_dyncastEiNS0_10__sub_kindEPKS0_PKvS3_S5_RNS0_16__dyncast_resultE
                0x038045b4        0x8 C:\Program Files (x86)\VEX Robotics\VEXcode Pro V5\sdk/vexv5/gcc/libs\libstdc++.a(class_type_info.o)
 .ARM.exidx.text._ZNSt9type_infoD2Ev
                0x038045bc        0x8 C:\Program Files (x86)\VEX Robotics\VEXcode Pro V5\sdk/vexv5/gcc/libs\libstdc++.a(tinfo.o)
 .ARM.exidx.text._ZNKSt9type_info14__is_pointer_pEv
                0x038045c4        0x0 C:\Program Files (x86)\VEX Robotics\VEXcode Pro V5\sdk/vexv5/gcc/libs\libstdc++.a(tinfo.o)
                                  0x8 (size before relaxing)
 .ARM.exidx.text._ZNKSt9type_info15__is_function_pEv
                0x038045c4        0x0 C:\Program Files (x86)\VEX Robotics\VEXcode Pro V5\sdk/vexv5/gcc/libs\libstdc++.a(tinfo.o)
                                  0x8 (size before relaxing)
 .ARM.exidx.text._ZNKSt9type_infoeqERKS_
                0x038045c4        0x0 C:\Program Files (x86)\VEX Robotics\VEXcode Pro V5\sdk/vexv5/gcc/libs\libstdc++.a(tinfo.o)
                                  0x8 (size before relaxing)
 .ARM.exidx.text._ZN10__cxxabiv121__vmi_class_type_infoD2Ev
                0x038045c4        0x8 C:\Program Files (x86)\VEX Robotics\VEXcode Pro V5\sdk/vexv5/gcc/libs\libstdc++.a(vmi_class_type_info.o)
 .ARM.exidx.text._ZN10__cxxabiv121__vmi_class_type_infoD0Ev
                0x038045cc        0x0 C:\Program Files (x86)\VEX Robotics\VEXcode Pro V5\sdk/vexv5/gcc/libs\libstdc++.a(vmi_class_type_info.o)
                                  0x8 (size before relaxing)
 .ARM.exidx.text._ZNK10__cxxabiv121__vmi_class_type_info20__do_find_public_srcEiPKvPKNS_17__class_type_infoES2_
                0x038045cc        0x8 C:\Program Files (x86)\VEX Robotics\VEXcode Pro V5\sdk/vexv5/gcc/libs\libstdc++.a(vmi_class_type_info.o)
 .ARM.exidx.text._ZNK10__cxxabiv121__vmi_class_type_info12__do_dyncastEiNS_17__class_type_info10__sub_kindEPKS1_PKvS4_S6_RNS1_16__dyncast_resultE
                0x038045d4        0x8 C:\Program Files (x86)\VEX Robotics\VEXcode Pro V5\sdk/vexv5/gcc/libs\libstdc++.a(vmi_class_type_info.o)
 .ARM.exidx.text._ZNK10__cxxabiv121__vmi_class_type_info11__do_upcastEPKNS_17__class_type_infoEPKvRNS1_15__upcast_resultE
                0x038045dc       0x10 C:\Program Files (x86)\VEX Robotics\VEXcode Pro V5\sdk/vexv5/gcc/libs\libstdc++.a(vmi_class_type_info.o)
                                  0x8 (size before relaxing)
 *(.gnu.linkonce.armexidix.*.*)
                0x038045ec                __exidx_end = .

.rel.dyn        0x038045ec        0x0
 .rel.iplt      0x00000000        0x0 build/src/main.o

.preinit_array  0x038045ec        0x0
                0x038045ec                __preinit_array_start = .
 *(SORT(.preinit_array.*))
 *(.preinit_array)
                0x038045ec                __preinit_array_end = .

.init_array     0x038045ec        0x8
                0x038045ec                __init_array_start = .
 *(SORT(.init_array.*))
 *(.init_array)
 .init_array    0x038045ec        0x4 build/src/main.o
 .init_array    0x038045f0        0x4 C:\Program Files (x86)\VEX Robotics\VEXcode Pro V5\sdk/vexv5\libv5rt.a(vex_color.cpp.obj)
                0x038045f4                __init_array_end = .

.fini_array     0x038045f4        0x0
                0x038045f4                __fini_array_start = .
 *(SORT(.fini_array.*))
 *(.fini_array)
                0x038045f4                __fini_array_end = .

.ARM.attributes
                0x038045f4       0x3c
                0x038045f4                __ARM.attributes_start = .
 *(.ARM.attributes)
 .ARM.attributes
                0x038045f4       0x3a build/src/main.o
 .ARM.attributes
                0x0380462e       0x35 C:\Program Files (x86)\VEX Robotics\VEXcode Pro V5\sdk/vexv5\libv5rt.a(v5_startup.c.obj)
 .ARM.attributes
                0x03804663       0x35 C:\Program Files (x86)\VEX Robotics\VEXcode Pro V5\sdk/vexv5\libv5rt.a(v5_util.c.obj)
 .ARM.attributes
                0x03804698       0x35 C:\Program Files (x86)\VEX Robotics\VEXcode Pro V5\sdk/vexv5\libv5rt.a(v5_apijump.c.obj)
 .ARM.attributes
                0x038046cd       0x35 C:\Program Files (x86)\VEX Robotics\VEXcode Pro V5\sdk/vexv5\libv5rt.a(v5_apiversions.c.obj)
 .ARM.attributes
                0x03804702       0x35 C:\Program Files (x86)\VEX Robotics\VEXcode Pro V5\sdk/vexv5\libv5rt.a(vex_global.cpp.obj)
 .ARM.attributes
                0x03804737       0x35 C:\Program Files (x86)\VEX Robotics\VEXcode Pro V5\sdk/vexv5\libv5rt.a(vex_controller.cpp.obj)
 .ARM.attributes
                0x0380476c       0x35 C:\Program Files (x86)\VEX Robotics\VEXcode Pro V5\sdk/vexv5\libv5rt.a(vex_thread.cpp.obj)
 .ARM.attributes
                0x038047a1       0x35 C:\Program Files (x86)\VEX Robotics\VEXcode Pro V5\sdk/vexv5\libv5rt.a(vex_event.cpp.obj)
 .ARM.attributes
                0x038047d6       0x35 C:\Program Files (x86)\VEX Robotics\VEXcode Pro V5\sdk/vexv5\libv5rt.a(vex_mevent.cpp.obj)
 .ARM.attributes
                0x0380480b       0x35 C:\Program Files (x86)\VEX Robotics\VEXcode Pro V5\sdk/vexv5\libv5rt.a(vex_brain.cpp.obj)
 .ARM.attributes
                0x03804840       0x35 C:\Program Files (x86)\VEX Robotics\VEXcode Pro V5\sdk/vexv5\libv5rt.a(vex_triport.cpp.obj)
 .ARM.attributes
                0x03804875       0x35 C:\Program Files (x86)\VEX Robotics\VEXcode Pro V5\sdk/vexv5\libv5rt.a(vex_color.cpp.obj)
 .ARM.attributes
                0x038048aa       0x35 C:\Program Files (x86)\VEX Robotics\VEXcode Pro V5\sdk/vexv5\libv5rt.a(vex_timer.cpp.obj)
 .ARM.attributes
                0x038048df       0x35 C:\Program Files (x86)\VEX Robotics\VEXcode Pro V5\sdk/vexv5\libv5rt.a(v5_apiuser.c.obj)
 .ARM.attributes
                0x03804914       0x35 C:\Program Files (x86)\VEX Robotics\VEXcode Pro V5\sdk/vexv5\libv5rt.a(vex_device.cpp.obj)
 .ARM.attributes
                0x03804949       0x2b C:\Program Files (x86)\VEX Robotics\VEXcode Pro V5\sdk/vexv5/gcc/libs\libstdc++.a(fstream-inst.o)
 .ARM.attributes
                0x03804974       0x2b C:\Program Files (x86)\VEX Robotics\VEXcode Pro V5\sdk/vexv5/gcc/libs\libstdc++.a(si_class_type_info.o)
 .ARM.attributes
                0x0380499f       0x2b C:\Program Files (x86)\VEX Robotics\VEXcode Pro V5\sdk/vexv5/gcc/libs\libstdc++.a(ios-inst.o)
 .ARM.attributes
                0x038049ca       0x2b C:\Program Files (x86)\VEX Robotics\VEXcode Pro V5\sdk/vexv5/gcc/libs\libstdc++.a(ios.o)
 .ARM.attributes
                0x038049f5       0x2b C:\Program Files (x86)\VEX Robotics\VEXcode Pro V5\sdk/vexv5/gcc/libs\libstdc++.a(ostream-inst.o)
 .ARM.attributes
                0x03804a20       0x2b C:\Program Files (x86)\VEX Robotics\VEXcode Pro V5\sdk/vexv5/gcc/libs\libstdc++.a(class_type_info.o)
 .ARM.attributes
                0x03804a4b       0x2b C:\Program Files (x86)\VEX Robotics\VEXcode Pro V5\sdk/vexv5/gcc/libs\libstdc++.a(tinfo.o)
 .ARM.attributes
                0x03804a76       0x2b C:\Program Files (x86)\VEX Robotics\VEXcode Pro V5\sdk/vexv5/gcc/libs\libstdc++.a(vmi_class_type_info.o)
 .ARM.attributes
                0x03804aa1       0x2b C:\Program Files (x86)\VEX Robotics\VEXcode Pro V5\sdk/vexv5/gcc/libs\libc.a(lib_a-fini.o)
 .ARM.attributes
                0x03804acc       0x2b C:\Program Files (x86)\VEX Robotics\VEXcode Pro V5\sdk/vexv5/gcc/libs\libc.a(lib_a-impure.o)
 .ARM.attributes
                0x03804af7       0x2b C:\Program Files (x86)\VEX Robotics\VEXcode Pro V5\sdk/vexv5/gcc/libs\libc.a(lib_a-init.o)
                0x03804b22                __ARM.attributes_end = .

.sdata          0x038045f4        0x0
                0x038045f4                __sdata_start = .
 *(.sdata)
 *(.sdata.*)
 *(.gnu.linkonce.s.*)
                0x038045f4                __sdata_end = .

.sbss           0x038045f4        0x0
                0x038045f4                __sbss_start = .
 *(.sbss)
 *(.sbss.*)
 *(.gnu.linkonce.sb.*)
                0x038045f4                __sbss_end = .

.tdata          0x038045f4        0x0
                0x038045f4                __tdata_start = .
 *(.tdata)
 *(.tdata.*)
 *(.gnu.linkonce.td.*)
                0x038045f4                __tdata_end = .

.tbss           0x038045f4        0x0
                0x038045f4                __tbss_start = .
 *(.tbss)
 *(.tbss.*)
 *(.gnu.linkonce.tb.*)
                0x038045f4                __tbss_end = .

.bss            0x038045f4      0x514
                0x038045f4                __bss_start = .
 *(.bss)
 *(.bss.*)
 .bss.Brain     0x038045f4      0x2bc build/src/main.o
                0x038045f4                Brain
 .bss.Controller
                0x038048b0      0x1ac build/src/main.o
                0x038048b0                Controller
 .bss.mainMenuButtons
                0x03804a5c        0xc build/src/main.o
                0x03804a5c                mainMenuButtons
 .bss.autonSelectMenu
                0x03804a68       0x30 build/src/main.o
                0x03804a68                autonSelectMenu
 .bss.__dso_handle
                0x03804a98        0x4 C:\Program Files (x86)\VEX Robotics\VEXcode Pro V5\sdk/vexv5\libv5rt.a(v5_startup.c.obj)
                0x03804a98                __dso_handle
 .bss.lastTime.9605
                0x03804a9c        0x4 C:\Program Files (x86)\VEX Robotics\VEXcode Pro V5\sdk/vexv5\libv5rt.a(v5_apijump.c.obj)
 .bss._ZN3vex5color6orangeE
                0x03804aa0        0x8 C:\Program Files (x86)\VEX Robotics\VEXcode Pro V5\sdk/vexv5\libv5rt.a(vex_color.cpp.obj)
                0x03804aa0                vex::color::orange
 .bss._ZN3vex5color5blackE
                0x03804aa8        0x8 C:\Program Files (x86)\VEX Robotics\VEXcode Pro V5\sdk/vexv5\libv5rt.a(vex_color.cpp.obj)
                0x03804aa8                vex::color::black
 .bss._ZN3vex5color6yellowE
                0x03804ab0        0x8 C:\Program Files (x86)\VEX Robotics\VEXcode Pro V5\sdk/vexv5\libv5rt.a(vex_color.cpp.obj)
                0x03804ab0                vex::color::yellow
 .bss._ZN3vex5color5greenE
                0x03804ab8        0x8 C:\Program Files (x86)\VEX Robotics\VEXcode Pro V5\sdk/vexv5\libv5rt.a(vex_color.cpp.obj)
                0x03804ab8                vex::color::green
 .bss._ZN3vex5color6purpleE
                0x03804ac0        0x8 C:\Program Files (x86)\VEX Robotics\VEXcode Pro V5\sdk/vexv5\libv5rt.a(vex_color.cpp.obj)
                0x03804ac0                vex::color::purple
 .bss._ZN3vex5color4cyanE
                0x03804ac8        0x8 C:\Program Files (x86)\VEX Robotics\VEXcode Pro V5\sdk/vexv5\libv5rt.a(vex_color.cpp.obj)
                0x03804ac8                vex::color::cyan
 .bss._ZN3vex5color4blueE
                0x03804ad0        0x8 C:\Program Files (x86)\VEX Robotics\VEXcode Pro V5\sdk/vexv5\libv5rt.a(vex_color.cpp.obj)
                0x03804ad0                vex::color::blue
 .bss._ZN3vex5color3redE
                0x03804ad8        0x8 C:\Program Files (x86)\VEX Robotics\VEXcode Pro V5\sdk/vexv5\libv5rt.a(vex_color.cpp.obj)
                0x03804ad8                vex::color::red
 .bss._ZN3vex5color11transparentE
                0x03804ae0        0x8 C:\Program Files (x86)\VEX Robotics\VEXcode Pro V5\sdk/vexv5\libv5rt.a(vex_color.cpp.obj)
                0x03804ae0                vex::color::transparent
 .bss._ZN3vex5color5whiteE
                0x03804ae8        0x8 C:\Program Files (x86)\VEX Robotics\VEXcode Pro V5\sdk/vexv5\libv5rt.a(vex_color.cpp.obj)
                0x03804ae8                vex::color::white
 *(.gnu.linkonce.b.*)
 *(COMMON)
 COMMON         0x03804af0       0x18 C:\Program Files (x86)\VEX Robotics\VEXcode Pro V5\sdk/vexv5\libv5rt.a(v5_startup.c.obj)
                0x03804af4                __vex_critical_section
                0x03804b08                __bss_end = .
                0x038045f4                _SDA_BASE_ = (__sdata_start + ((__sbss_end - __sdata_start) / 0x2))
                0x03804120                _SDA2_BASE_ = (__sdata2_start + ((__sbss2_end - __sdata2_start) / 0x2))

.heap           0x03804b08   0x100008
                0x03804b10                . = ALIGN (0x10)
 *fill*         0x03804b08        0x8 
                0x03804b10                _heap = .
                0x03804b10                HeapBase = .
                0x03804b10                _heap_start = .
                0x03904b10                . = (. + _HEAP_SIZE)
 *fill*         0x03804b10   0x100000 
                0x03904b10                _heap_end = .
                0x03904b10                HeapLimit = .

.stack          0x03904b10     0x3800
                0x03904b10                . = ALIGN (0x10)
                0x03904b10                _stack_end = .
                0x03906b10                . = (. + _STACK_SIZE)
 *fill*         0x03904b10     0x2000 
                0x03906b10                . = ALIGN (0x10)
                0x03906b10                _stack = .
                0x03906b10                __stack = _stack
                0x03906b10                . = ALIGN (0x10)
                0x03906b10                _irq_stack_end = .
                0x03906f10                . = (. + _IRQ_STACK_SIZE)
 *fill*         0x03906b10      0x400 
                0x03906f10                . = ALIGN (0x10)
                0x03906f10                __irq_stack = .
                0x03906f10                _supervisor_stack_end = .
                0x03907710                . = (. + _SUPERVISOR_STACK_SIZE)
 *fill*         0x03906f10      0x800 
                0x03907710                . = ALIGN (0x10)
                0x03907710                __supervisor_stack = .
                0x03907710                _abort_stack_end = .
                0x03907b10                . = (. + _ABORT_STACK_SIZE)
 *fill*         0x03907710      0x400 
                0x03907b10                . = ALIGN (0x10)
                0x03907b10                __abort_stack = .
                0x03907b10                _fiq_stack_end = .
                0x03907f10                . = (. + _FIQ_STACK_SIZE)
 *fill*         0x03907b10      0x400 
                0x03907f10                . = ALIGN (0x10)
                0x03907f10                __fiq_stack = .
                0x03907f10                _undef_stack_end = .
                0x03908310                . = (. + _UNDEF_STACK_SIZE)
 *fill*         0x03907f10      0x400 
                0x03908310                . = ALIGN (0x10)
                0x03908310                __undef_stack = .
                0x03908310                _end = .
LOAD C:\Program Files (x86)\VEX Robotics\VEXcode Pro V5\sdk/vexv5/stdlib_0.lib
LOAD build/src/main.o
START GROUP
LOAD C:\Program Files (x86)\VEX Robotics\VEXcode Pro V5\sdk/vexv5\libv5rt.a
LOAD C:\Program Files (x86)\VEX Robotics\VEXcode Pro V5\sdk/vexv5/gcc/libs\libstdc++.a
LOAD C:\Program Files (x86)\VEX Robotics\VEXcode Pro V5\sdk/vexv5/gcc/libs\libc.a
LOAD C:\Program Files (x86)\VEX Robotics\VEXcode Pro V5\sdk/vexv5/gcc/libs\libm.a
LOAD C:\Program Files (x86)\VEX Robotics\VEXcode Pro V5\sdk/vexv5/gcc/libs\libgcc.a
END GROUP
OUTPUT(build/Config.elf elf32-littlearm)

.comment        0x00000000       0x9d
 .comment       0x00000000       0x2d build/src/main.o
                                 0x2e (size before relaxing)
 .comment       0x0000002d       0x70 C:\Program Files (x86)\VEX Robotics\VEXcode Pro V5\sdk/vexv5\libv5rt.a(v5_startup.c.obj)
                                 0x71 (size before relaxing)
 .comment       0x00000000       0x71 C:\Program Files (x86)\VEX Robotics\VEXcode Pro V5\sdk/vexv5\libv5rt.a(v5_util.c.obj)
 .comment       0x00000000       0x71 C:\Program Files (x86)\VEX Robotics\VEXcode Pro V5\sdk/vexv5\libv5rt.a(v5_apijump.c.obj)
 .comment       0x00000000       0x71 C:\Program Files (x86)\VEX Robotics\VEXcode Pro V5\sdk/vexv5\libv5rt.a(v5_apiversions.c.obj)
 .comment       0x00000000       0x71 C:\Program Files (x86)\VEX Robotics\VEXcode Pro V5\sdk/vexv5\libv5rt.a(vex_global.cpp.obj)
 .comment       0x00000000       0x71 C:\Program Files (x86)\VEX Robotics\VEXcode Pro V5\sdk/vexv5\libv5rt.a(vex_controller.cpp.obj)
 .comment       0x00000000       0x71 C:\Program Files (x86)\VEX Robotics\VEXcode Pro V5\sdk/vexv5\libv5rt.a(vex_thread.cpp.obj)
 .comment       0x00000000       0x71 C:\Program Files (x86)\VEX Robotics\VEXcode Pro V5\sdk/vexv5\libv5rt.a(vex_event.cpp.obj)
 .comment       0x00000000       0x71 C:\Program Files (x86)\VEX Robotics\VEXcode Pro V5\sdk/vexv5\libv5rt.a(vex_mevent.cpp.obj)
 .comment       0x00000000       0x71 C:\Program Files (x86)\VEX Robotics\VEXcode Pro V5\sdk/vexv5\libv5rt.a(vex_brain.cpp.obj)
 .comment       0x00000000       0x71 C:\Program Files (x86)\VEX Robotics\VEXcode Pro V5\sdk/vexv5\libv5rt.a(vex_triport.cpp.obj)
 .comment       0x00000000       0x71 C:\Program Files (x86)\VEX Robotics\VEXcode Pro V5\sdk/vexv5\libv5rt.a(vex_color.cpp.obj)
 .comment       0x00000000       0x71 C:\Program Files (x86)\VEX Robotics\VEXcode Pro V5\sdk/vexv5\libv5rt.a(vex_timer.cpp.obj)
 .comment       0x00000000       0x71 C:\Program Files (x86)\VEX Robotics\VEXcode Pro V5\sdk/vexv5\libv5rt.a(v5_apiuser.c.obj)
 .comment       0x00000000       0x71 C:\Program Files (x86)\VEX Robotics\VEXcode Pro V5\sdk/vexv5\libv5rt.a(vex_device.cpp.obj)

.note.GNU-stack
                0x00000000        0x0
 .note.GNU-stack
                0x00000000        0x0 build/src/main.o

.debug_frame    0x00000000     0x2b94
 .debug_frame   0x00000000     0x13a0 C:\Program Files (x86)\VEX Robotics\VEXcode Pro V5\sdk/vexv5/gcc/libs\libstdc++.a(fstream-inst.o)
 .debug_frame   0x000013a0       0xe0 C:\Program Files (x86)\VEX Robotics\VEXcode Pro V5\sdk/vexv5/gcc/libs\libstdc++.a(si_class_type_info.o)
 .debug_frame   0x00001480      0x544 C:\Program Files (x86)\VEX Robotics\VEXcode Pro V5\sdk/vexv5/gcc/libs\libstdc++.a(ios-inst.o)
 .debug_frame   0x000019c4       0xf8 C:\Program Files (x86)\VEX Robotics\VEXcode Pro V5\sdk/vexv5/gcc/libs\libstdc++.a(ios.o)
 .debug_frame   0x00001abc      0xe34 C:\Program Files (x86)\VEX Robotics\VEXcode Pro V5\sdk/vexv5/gcc/libs\libstdc++.a(ostream-inst.o)
 .debug_frame   0x000028f0       0xdc C:\Program Files (x86)\VEX Robotics\VEXcode Pro V5\sdk/vexv5/gcc/libs\libstdc++.a(class_type_info.o)
 .debug_frame   0x000029cc       0x94 C:\Program Files (x86)\VEX Robotics\VEXcode Pro V5\sdk/vexv5/gcc/libs\libstdc++.a(tinfo.o)
 .debug_frame   0x00002a60       0xd4 C:\Program Files (x86)\VEX Robotics\VEXcode Pro V5\sdk/vexv5/gcc/libs\libstdc++.a(vmi_class_type_info.o)
 .debug_frame   0x00002b34       0x34 C:\Program Files (x86)\VEX Robotics\VEXcode Pro V5\sdk/vexv5/gcc/libs\libc.a(lib_a-fini.o)
 .debug_frame   0x00002b68       0x2c C:\Program Files (x86)\VEX Robotics\VEXcode Pro V5\sdk/vexv5/gcc/libs\libc.a(lib_a-init.o)
